Component: ARM Compiler 6.12 Tool: armlink [5d624300]

==============================================================================

Section Cross References

    startup_stm32g071xx.o(RESET) refers to startup_stm32g071xx.o(STACK) for __initial_sp
    startup_stm32g071xx.o(RESET) refers to startup_stm32g071xx.o(.text) for Reset_Handler
    startup_stm32g071xx.o(RESET) refers to stm32g0xx_it.o(.text.NMI_Handler) for NMI_Handler
    startup_stm32g071xx.o(RESET) refers to stm32g0xx_it.o(.text.HardFault_Handler) for HardFault_Handler
    startup_stm32g071xx.o(RESET) refers to stm32g0xx_it.o(.text.SVC_Handler) for SVC_Handler
    startup_stm32g071xx.o(RESET) refers to stm32g0xx_it.o(.text.PendSV_Handler) for PendSV_Handler
    startup_stm32g071xx.o(RESET) refers to stm32g0xx_it.o(.text.SysTick_Handler) for SysTick_Handler
    startup_stm32g071xx.o(RESET) refers to stm32g0xx_it.o(.text.TIM2_IRQHandler) for TIM2_IRQHandler
    startup_stm32g071xx.o(.text) refers to system_stm32g0xx.o(.text.SystemInit) for SystemInit
    startup_stm32g071xx.o(.text) refers to entry.o(.ARM.Collect$$$$00000000) for __main
    main.o(.ARM.exidx.text.setup) refers to main.o(.text.setup) for [Anonymous Symbol]
    main.o(.text.loop) refers to arduino.o(.text.led_toggle) for led_toggle
    main.o(.text.loop) refers to arduino.o(.text.delay) for delay
    main.o(.ARM.exidx.text.loop) refers to main.o(.text.loop) for [Anonymous Symbol]
    main.o(.text.timer_loop) refers to arduino.o(.text.analogRead) for analogRead
    main.o(.text.timer_loop) refers to main.o(.bss..L_MergedGlobals) for [Anonymous Symbol]
    main.o(.text.timer_loop) refers to arduino.o(.text.analogWrite) for analogWrite
    main.o(.ARM.exidx.text.timer_loop) refers to main.o(.text.timer_loop) for [Anonymous Symbol]
    main.o(.text.main) refers to stm32g0xx_hal.o(.text.HAL_Init) for HAL_Init
    main.o(.text.main) refers to main.o(.text.SystemClock_Config) for SystemClock_Config
    main.o(.text.main) refers to gpio.o(.text.MX_GPIO_Init) for MX_GPIO_Init
    main.o(.text.main) refers to usart.o(.text.MX_USART2_UART_Init) for MX_USART2_UART_Init
    main.o(.text.main) refers to adc.o(.text.MX_ADC1_Init) for MX_ADC1_Init
    main.o(.text.main) refers to tim.o(.text.MX_TIM2_Init) for MX_TIM2_Init
    main.o(.text.main) refers to stm32g0xx_hal_adc_ex.o(.text.HAL_ADCEx_Calibration_Start) for HAL_ADCEx_Calibration_Start
    main.o(.text.main) refers to stm32g0xx_hal_tim.o(.text.HAL_TIM_Base_Start_IT) for HAL_TIM_Base_Start_IT
    main.o(.text.main) refers to main.o(.text.loop) for loop
    main.o(.text.main) refers to adc.o(.bss.hadc1) for hadc1
    main.o(.text.main) refers to tim.o(.bss.htim2) for htim2
    main.o(.text.main) refers to stm32g0xx_hal_tim.o(.text.HAL_TIM_PWM_Start) for HAL_TIM_PWM_Start
    main.o(.ARM.exidx.text.main) refers to main.o(.text.main) for [Anonymous Symbol]
    main.o(.text.SystemClock_Config) refers to memseta.o(.text) for __aeabi_memclr4
    main.o(.text.SystemClock_Config) refers to stm32g0xx_hal_pwr_ex.o(.text.HAL_PWREx_ControlVoltageScaling) for HAL_PWREx_ControlVoltageScaling
    main.o(.text.SystemClock_Config) refers to stm32g0xx_hal_rcc.o(.text.HAL_RCC_OscConfig) for HAL_RCC_OscConfig
    main.o(.text.SystemClock_Config) refers to stm32g0xx_hal_rcc.o(.text.HAL_RCC_ClockConfig) for HAL_RCC_ClockConfig
    main.o(.ARM.exidx.text.SystemClock_Config) refers to main.o(.text.SystemClock_Config) for [Anonymous Symbol]
    main.o(.ARM.exidx.text.Error_Handler) refers to main.o(.text.Error_Handler) for [Anonymous Symbol]
    main.o(.text.HAL_TIM_PeriodElapsedCallback) refers to main.o(.text.timer_loop) for timer_loop
    main.o(.text.HAL_TIM_PeriodElapsedCallback) refers to main.o(.bss.cnt) for cnt
    main.o(.ARM.exidx.text.HAL_TIM_PeriodElapsedCallback) refers to main.o(.text.HAL_TIM_PeriodElapsedCallback) for [Anonymous Symbol]
    gpio.o(.text.MX_GPIO_Init) refers to stm32g0xx_hal_gpio.o(.text.HAL_GPIO_WritePin) for HAL_GPIO_WritePin
    gpio.o(.text.MX_GPIO_Init) refers to stm32g0xx_hal_gpio.o(.text.HAL_GPIO_Init) for HAL_GPIO_Init
    gpio.o(.ARM.exidx.text.MX_GPIO_Init) refers to gpio.o(.text.MX_GPIO_Init) for [Anonymous Symbol]
    adc.o(.text.MX_ADC1_Init) refers to stm32g0xx_hal_adc.o(.text.HAL_ADC_Init) for HAL_ADC_Init
    adc.o(.text.MX_ADC1_Init) refers to main.o(.text.Error_Handler) for Error_Handler
    adc.o(.text.MX_ADC1_Init) refers to stm32g0xx_hal_adc.o(.text.HAL_ADC_ConfigChannel) for HAL_ADC_ConfigChannel
    adc.o(.text.MX_ADC1_Init) refers to adc.o(.bss.hadc1) for hadc1
    adc.o(.ARM.exidx.text.MX_ADC1_Init) refers to adc.o(.text.MX_ADC1_Init) for [Anonymous Symbol]
    adc.o(.text.HAL_ADC_MspInit) refers to memseta.o(.text) for __aeabi_memclr4
    adc.o(.text.HAL_ADC_MspInit) refers to stm32g0xx_hal_rcc_ex.o(.text.HAL_RCCEx_PeriphCLKConfig) for HAL_RCCEx_PeriphCLKConfig
    adc.o(.text.HAL_ADC_MspInit) refers to main.o(.text.Error_Handler) for Error_Handler
[...]
    Removing stm32g0xx_hal_tim_ex.o(.ARM.exidx.text.HAL_TIMEx_OCN_Stop_IT), (8 bytes).
    Removing stm32g0xx_hal_tim_ex.o(.text.HAL_TIMEx_OCN_Start_DMA), (368 bytes).
    Removing stm32g0xx_hal_tim_ex.o(.ARM.exidx.text.HAL_TIMEx_OCN_Start_DMA), (8 bytes).
    Removing stm32g0xx_hal_tim_ex.o(.text.TIM_DMADelayPulseNCplt), (98 bytes).
    Removing stm32g0xx_hal_tim_ex.o(.ARM.exidx.text.TIM_DMADelayPulseNCplt), (8 bytes).
    Removing stm32g0xx_hal_tim_ex.o(.text.TIM_DMAErrorCCxN), (64 bytes).
    Removing stm32g0xx_hal_tim_ex.o(.ARM.exidx.text.TIM_DMAErrorCCxN), (8 bytes).
    Removing stm32g0xx_hal_tim_ex.o(.text.HAL_TIMEx_OCN_Stop_DMA), (176 bytes).
    Removing stm32g0xx_hal_tim_ex.o(.ARM.exidx.text.HAL_TIMEx_OCN_Stop_DMA), (8 bytes).
    Removing stm32g0xx_hal_tim_ex.o(.text.HAL_TIMEx_PWMN_Start), (164 bytes).
    Removing stm32g0xx_hal_tim_ex.o(.ARM.exidx.text.HAL_TIMEx_PWMN_Start), (8 bytes).
    Removing stm32g0xx_hal_tim_ex.o(.text.HAL_TIMEx_PWMN_Stop), (108 bytes).
    Removing stm32g0xx_hal_tim_ex.o(.ARM.exidx.text.HAL_TIMEx_PWMN_Stop), (8 bytes).
    Removing stm32g0xx_hal_tim_ex.o(.text.HAL_TIMEx_PWMN_Start_IT), (192 bytes).
    Removing stm32g0xx_hal_tim_ex.o(.ARM.exidx.text.HAL_TIMEx_PWMN_Start_IT), (8 bytes).
    Removing stm32g0xx_hal_tim_ex.o(.text.HAL_TIMEx_PWMN_Stop_IT), (156 bytes).
    Removing stm32g0xx_hal_tim_ex.o(.ARM.exidx.text.HAL_TIMEx_PWMN_Stop_IT), (8 bytes).
    Removing stm32g0xx_hal_tim_ex.o(.text.HAL_TIMEx_PWMN_Start_DMA), (368 bytes).
    Removing stm32g0xx_hal_tim_ex.o(.ARM.exidx.text.HAL_TIMEx_PWMN_Start_DMA), (8 bytes).
    Removing stm32g0xx_hal_tim_ex.o(.text.HAL_TIMEx_PWMN_Stop_DMA), (176 bytes).
    Removing stm32g0xx_hal_tim_ex.o(.ARM.exidx.text.HAL_TIMEx_PWMN_Stop_DMA), (8 bytes).
    Removing stm32g0xx_hal_tim_ex.o(.text.HAL_TIMEx_OnePulseN_Start), (106 bytes).
    Removing stm32g0xx_hal_tim_ex.o(.ARM.exidx.text.HAL_TIMEx_OnePulseN_Start), (8 bytes).
    Removing stm32g0xx_hal_tim_ex.o(.text.HAL_TIMEx_OnePulseN_Stop), (112 bytes).
    Removing stm32g0xx_hal_tim_ex.o(.ARM.exidx.text.HAL_TIMEx_OnePulseN_Stop), (8 bytes).
    Removing stm32g0xx_hal_tim_ex.o(.text.HAL_TIMEx_OnePulseN_Start_IT), (118 bytes).
    Removing stm32g0xx_hal_tim_ex.o(.ARM.exidx.text.HAL_TIMEx_OnePulseN_Start_IT), (8 bytes).
    Removing stm32g0xx_hal_tim_ex.o(.text.HAL_TIMEx_OnePulseN_Stop_IT), (128 bytes).
    Removing stm32g0xx_hal_tim_ex.o(.ARM.exidx.text.HAL_TIMEx_OnePulseN_Stop_IT), (8 bytes).
    Removing stm32g0xx_hal_tim_ex.o(.text.HAL_TIMEx_ConfigCommutEvent), (92 bytes).
    Removing stm32g0xx_hal_tim_ex.o(.ARM.exidx.text.HAL_TIMEx_ConfigCommutEvent), (8 bytes).
    Removing stm32g0xx_hal_tim_ex.o(.text.HAL_TIMEx_ConfigCommutEvent_IT), (92 bytes).
    Removing stm32g0xx_hal_tim_ex.o(.ARM.exidx.text.HAL_TIMEx_ConfigCommutEvent_IT), (8 bytes).
    Removing stm32g0xx_hal_tim_ex.o(.text.HAL_TIMEx_ConfigCommutEvent_DMA), (132 bytes).
    Removing stm32g0xx_hal_tim_ex.o(.ARM.exidx.text.HAL_TIMEx_ConfigCommutEvent_DMA), (8 bytes).
    Removing stm32g0xx_hal_tim_ex.o(.text.TIMEx_DMACommutationCplt), (16 bytes).
    Removing stm32g0xx_hal_tim_ex.o(.ARM.exidx.text.TIMEx_DMACommutationCplt), (8 bytes).
    Removing stm32g0xx_hal_tim_ex.o(.text.TIMEx_DMACommutationHalfCplt), (16 bytes).
    Removing stm32g0xx_hal_tim_ex.o(.ARM.exidx.text.TIMEx_DMACommutationHalfCplt), (8 bytes).
    Removing stm32g0xx_hal_tim_ex.o(.ARM.exidx.text.HAL_TIMEx_MasterConfigSynchronization), (8 bytes).
    Removing stm32g0xx_hal_tim_ex.o(.text.HAL_TIMEx_ConfigBreakDeadTime), (172 bytes).
    Removing stm32g0xx_hal_tim_ex.o(.ARM.exidx.text.HAL_TIMEx_ConfigBreakDeadTime), (8 bytes).
    Removing stm32g0xx_hal_tim_ex.o(.text.HAL_TIMEx_ConfigBreakInput), (184 bytes).
    Removing stm32g0xx_hal_tim_ex.o(.ARM.exidx.text.HAL_TIMEx_ConfigBreakInput), (8 bytes).
    Removing stm32g0xx_hal_tim_ex.o(.text.HAL_TIMEx_RemapConfig), (38 bytes).
    Removing stm32g0xx_hal_tim_ex.o(.ARM.exidx.text.HAL_TIMEx_RemapConfig), (8 bytes).
    Removing stm32g0xx_hal_tim_ex.o(.text.HAL_TIMEx_TISelection), (76 bytes).
    Removing stm32g0xx_hal_tim_ex.o(.ARM.exidx.text.HAL_TIMEx_TISelection), (8 bytes).
    Removing stm32g0xx_hal_tim_ex.o(.text.HAL_TIMEx_GroupChannel5), (52 bytes).
    Removing stm32g0xx_hal_tim_ex.o(.ARM.exidx.text.HAL_TIMEx_GroupChannel5), (8 bytes).
    Removing stm32g0xx_hal_tim_ex.o(.text.HAL_TIMEx_DisarmBreakInput), (72 bytes).
    Removing stm32g0xx_hal_tim_ex.o(.ARM.exidx.text.HAL_TIMEx_DisarmBreakInput), (8 bytes).
    Removing stm32g0xx_hal_tim_ex.o(.text.HAL_TIMEx_ReArmBreakInput), (118 bytes).
    Removing stm32g0xx_hal_tim_ex.o(.ARM.exidx.text.HAL_TIMEx_ReArmBreakInput), (8 bytes).
    Removing stm32g0xx_hal_tim_ex.o(.ARM.exidx.text.HAL_TIMEx_CommutCallback), (8 bytes).
    Removing stm32g0xx_hal_tim_ex.o(.text.HAL_TIMEx_CommutHalfCpltCallback), (2 bytes).
    Removing stm32g0xx_hal_tim_ex.o(.ARM.exidx.text.HAL_TIMEx_CommutHalfCpltCallback), (8 bytes).
    Removing stm32g0xx_hal_tim_ex.o(.ARM.exidx.text.HAL_TIMEx_BreakCallback), (8 bytes).
    Removing stm32g0xx_hal_tim_ex.o(.ARM.exidx.text.HAL_TIMEx_Break2Callback), (8 bytes).
    Removing stm32g0xx_hal_tim_ex.o(.text.HAL_TIMEx_HallSensor_GetState), (6 bytes).
    Removing stm32g0xx_hal_tim_ex.o(.ARM.exidx.text.HAL_TIMEx_HallSensor_GetState), (8 bytes).
    Removing stm32g0xx_hal_tim_ex.o(.text.HAL_TIMEx_GetChannelNState), (28 bytes).
    Removing stm32g0xx_hal_tim_ex.o(.ARM.exidx.text.HAL_TIMEx_GetChannelNState), (8 bytes).
    Removing stm32g0xx_hal_uart.o(.text), (0 bytes).
    Removing stm32g0xx_hal_uart.o(.ARM.exidx.text.HAL_UART_Init), (8 bytes).
    Removing stm32g0xx_hal_uart.o(.text.HAL_UART_MspInit), (2 bytes).
    Removing stm32g0xx_hal_uart.o(.ARM.exidx.text.HAL_UART_MspInit), (8 bytes).
    Removing stm32g0xx_hal_uart.o(.ARM.exidx.text.UART_SetConfig), (8 bytes).
    Removing stm32g0xx_hal_uart.o(.ARM.exidx.text.UART_AdvFeatureConfig), (8 bytes).
    Removing stm32g0xx_hal_uart.o(.ARM.exidx.text.UART_CheckIdleState), (8 bytes).
    Removing stm32g0xx_hal_uart.o(.text.HAL_HalfDuplex_Init), (120 bytes).
    Removing stm32g0xx_hal_uart.o(.ARM.exidx.text.HAL_HalfDuplex_Init), (8 bytes).
    Removing stm32g0xx_hal_uart.o(.text.HAL_LIN_Init), (146 bytes).
    Removing stm32g0xx_hal_uart.o(.ARM.exidx.text.HAL_LIN_Init), (8 bytes).
    Removing stm32g0xx_hal_uart.o(.text.HAL_MultiProcessor_Init), (146 bytes).
    Removing stm32g0xx_hal_uart.o(.ARM.exidx.text.HAL_MultiProcessor_Init), (8 bytes).
    Removing stm32g0xx_hal_uart.o(.text.HAL_UART_DeInit), (62 bytes).
    Removing stm32g0xx_hal_uart.o(.ARM.exidx.text.HAL_UART_DeInit), (8 bytes).
    Removing stm32g0xx_hal_uart.o(.text.HAL_UART_MspDeInit), (2 bytes).
    Removing stm32g0xx_hal_uart.o(.ARM.exidx.text.HAL_UART_MspDeInit), (8 bytes).
    Removing stm32g0xx_hal_uart.o(.text.HAL_UART_Transmit), (268 bytes).
    Removing stm32g0xx_hal_uart.o(.ARM.exidx.text.HAL_UART_Transmit), (8 bytes).
    Removing stm32g0xx_hal_uart.o(.ARM.exidx.text.UART_WaitOnFlagUntilTimeout), (8 bytes).
    Removing stm32g0xx_hal_uart.o(.text.HAL_UART_Receive), (340 bytes).
    Removing stm32g0xx_hal_uart.o(.ARM.exidx.text.HAL_UART_Receive), (8 bytes).
    Removing stm32g0xx_hal_uart.o(.text.HAL_UART_Transmit_IT), (220 bytes).
    Removing stm32g0xx_hal_uart.o(.ARM.exidx.text.HAL_UART_Transmit_IT), (8 bytes).
    Removing stm32g0xx_hal_uart.o(.text.UART_TxISR_16BIT_FIFOEN), (116 bytes).
    Removing stm32g0xx_hal_uart.o(.ARM.exidx.text.UART_TxISR_16BIT_FIFOEN), (8 bytes).
    Removing stm32g0xx_hal_uart.o(.text.UART_TxISR_8BIT_FIFOEN), (106 bytes).
    Removing stm32g0xx_hal_uart.o(.ARM.exidx.text.UART_TxISR_8BIT_FIFOEN), (8 bytes).
    Removing stm32g0xx_hal_uart.o(.text.UART_TxISR_16BIT), (100 bytes).
    Removing stm32g0xx_hal_uart.o(.ARM.exidx.text.UART_TxISR_16BIT), (8 bytes).
    Removing stm32g0xx_hal_uart.o(.text.UART_TxISR_8BIT), (90 bytes).
    Removing stm32g0xx_hal_uart.o(.ARM.exidx.text.UART_TxISR_8BIT), (8 bytes).
    Removing stm32g0xx_hal_uart.o(.text.HAL_UART_Receive_IT), (120 bytes).
    Removing stm32g0xx_hal_uart.o(.ARM.exidx.text.HAL_UART_Receive_IT), (8 bytes).
    Removing stm32g0xx_hal_uart.o(.text.UART_Start_Receive_IT), (324 bytes).
    Removing stm32g0xx_hal_uart.o(.ARM.exidx.text.UART_Start_Receive_IT), (8 bytes).
    Removing stm32g0xx_hal_uart.o(.text.HAL_UART_Transmit_DMA), (188 bytes).
    Removing stm32g0xx_hal_uart.o(.ARM.exidx.text.HAL_UART_Transmit_DMA), (8 bytes).
    Removing stm32g0xx_hal_uart.o(.text.UART_DMATransmitCplt), (74 bytes).
    Removing stm32g0xx_hal_uart.o(.ARM.exidx.text.UART_DMATransmitCplt), (8 bytes).
    Removing stm32g0xx_hal_uart.o(.text.UART_DMATxHalfCplt), (10 bytes).
    Removing stm32g0xx_hal_uart.o(.ARM.exidx.text.UART_DMATxHalfCplt), (8 bytes).
    Removing stm32g0xx_hal_uart.o(.text.UART_DMAError), (86 bytes).
    Removing stm32g0xx_hal_uart.o(.ARM.exidx.text.UART_DMAError), (8 bytes).
    Removing stm32g0xx_hal_uart.o(.text.HAL_UART_Receive_DMA), (120 bytes).
    Removing stm32g0xx_hal_uart.o(.ARM.exidx.text.HAL_UART_Receive_DMA), (8 bytes).
    Removing stm32g0xx_hal_uart.o(.text.UART_Start_Receive_DMA), (180 bytes).
    Removing stm32g0xx_hal_uart.o(.ARM.exidx.text.UART_Start_Receive_DMA), (8 bytes).
    Removing stm32g0xx_hal_uart.o(.text.HAL_UART_DMAPause), (148 bytes).
    Removing stm32g0xx_hal_uart.o(.ARM.exidx.text.HAL_UART_DMAPause), (8 bytes).
    Removing stm32g0xx_hal_uart.o(.text.HAL_UART_DMAResume), (140 bytes).
    Removing stm32g0xx_hal_uart.o(.ARM.exidx.text.HAL_UART_DMAResume), (8 bytes).
    Removing stm32g0xx_hal_uart.o(.text.HAL_UART_DMAStop), (164 bytes).
    Removing stm32g0xx_hal_uart.o(.ARM.exidx.text.HAL_UART_DMAStop), (8 bytes).
    Removing stm32g0xx_hal_uart.o(.text.UART_EndTxTransfer), (56 bytes).
    Removing stm32g0xx_hal_uart.o(.ARM.exidx.text.UART_EndTxTransfer), (8 bytes).
    Removing stm32g0xx_hal_uart.o(.text.UART_EndRxTransfer), (96 bytes).
    Removing stm32g0xx_hal_uart.o(.ARM.exidx.text.UART_EndRxTransfer), (8 bytes).
    Removing stm32g0xx_hal_uart.o(.text.HAL_UART_Abort), (264 bytes).
    Removing stm32g0xx_hal_uart.o(.ARM.exidx.text.HAL_UART_Abort), (8 bytes).
    Removing stm32g0xx_hal_uart.o(.text.HAL_UART_AbortTransmit), (150 bytes).
    Removing stm32g0xx_hal_uart.o(.ARM.exidx.text.HAL_UART_AbortTransmit), (8 bytes).
    Removing stm32g0xx_hal_uart.o(.text.HAL_UART_AbortReceive), (184 bytes).
    Removing stm32g0xx_hal_uart.o(.ARM.exidx.text.HAL_UART_AbortReceive), (8 bytes).
    Removing stm32g0xx_hal_uart.o(.text.HAL_UART_Abort_IT), (316 bytes).
    Removing stm32g0xx_hal_uart.o(.ARM.exidx.text.HAL_UART_Abort_IT), (8 bytes).
    Removing stm32g0xx_hal_uart.o(.text.UART_DMATxAbortCallback), (78 bytes).
    Removing stm32g0xx_hal_uart.o(.ARM.exidx.text.UART_DMATxAbortCallback), (8 bytes).
    Removing stm32g0xx_hal_uart.o(.text.UART_DMARxAbortCallback), (68 bytes).
    Removing stm32g0xx_hal_uart.o(.ARM.exidx.text.UART_DMARxAbortCallback), (8 bytes).
    Removing stm32g0xx_hal_uart.o(.text.HAL_UART_AbortCpltCallback), (2 bytes).
    Removing stm32g0xx_hal_uart.o(.ARM.exidx.text.HAL_UART_AbortCpltCallback), (8 bytes).
    Removing stm32g0xx_hal_uart.o(.text.HAL_UART_AbortTransmit_IT), (168 bytes).
    Removing stm32g0xx_hal_uart.o(.ARM.exidx.text.HAL_UART_AbortTransmit_IT), (8 bytes).
    Removing stm32g0xx_hal_uart.o(.text.UART_DMATxOnlyAbortCallback), (42 bytes).
    Removing stm32g0xx_hal_uart.o(.ARM.exidx.text.UART_DMATxOnlyAbortCallback), (8 bytes).
    Removing stm32g0xx_hal_uart.o(.text.HAL_UART_AbortTransmitCpltCallback), (2 bytes).
    Removing stm32g0xx_hal_uart.o(.ARM.exidx.text.HAL_UART_AbortTransmitCpltCallback), (8 bytes).
    Removing stm32g0xx_hal_uart.o(.text.HAL_UART_AbortReceive_IT), (208 bytes).
    Removing stm32g0xx_hal_uart.o(.ARM.exidx.text.HAL_UART_AbortReceive_IT), (8 bytes).
    Removing stm32g0xx_hal_uart.o(.text.UART_DMARxOnlyAbortCallback), (38 bytes).
    Removing stm32g0xx_hal_uart.o(.ARM.exidx.text.UART_DMARxOnlyAbortCallback), (8 bytes).
    Removing stm32g0xx_hal_uart.o(.text.HAL_UART_AbortReceiveCpltCallback), (2 bytes).
    Removing stm32g0xx_hal_uart.o(.ARM.exidx.text.HAL_UART_AbortReceiveCpltCallback), (8 bytes).
    Removing stm32g0xx_hal_uart.o(.text.HAL_UART_IRQHandler), (824 bytes).
    Removing stm32g0xx_hal_uart.o(.ARM.exidx.text.HAL_UART_IRQHandler), (8 bytes).
    Removing stm32g0xx_hal_uart.o(.text.UART_DMAAbortOnError), (20 bytes).
    Removing stm32g0xx_hal_uart.o(.ARM.exidx.text.UART_DMAAbortOnError), (8 bytes).
    Removing stm32g0xx_hal_uart.o(.text.HAL_UART_ErrorCallback), (2 bytes).
    Removing stm32g0xx_hal_uart.o(.ARM.exidx.text.HAL_UART_ErrorCallback), (8 bytes).
    Removing stm32g0xx_hal_uart.o(.text.HAL_UARTEx_RxEventCallback), (2 bytes).
    Removing stm32g0xx_hal_uart.o(.ARM.exidx.text.HAL_UARTEx_RxEventCallback), (8 bytes).
    Removing stm32g0xx_hal_uart.o(.text.HAL_UART_TxCpltCallback), (2 bytes).
    Removing stm32g0xx_hal_uart.o(.ARM.exidx.text.HAL_UART_TxCpltCallback), (8 bytes).
    Removing stm32g0xx_hal_uart.o(.text.HAL_UART_TxHalfCpltCallback), (2 bytes).
    Removing stm32g0xx_hal_uart.o(.ARM.exidx.text.HAL_UART_TxHalfCpltCallback), (8 bytes).
    Removing stm32g0xx_hal_uart.o(.text.HAL_UART_RxCpltCallback), (2 bytes).
    Removing stm32g0xx_hal_uart.o(.ARM.exidx.text.HAL_UART_RxCpltCallback), (8 bytes).
    Removing stm32g0xx_hal_uart.o(.text.HAL_UART_RxHalfCpltCallback), (2 bytes).
    Removing stm32g0xx_hal_uart.o(.ARM.exidx.text.HAL_UART_RxHalfCpltCallback), (8 bytes).
    Removing stm32g0xx_hal_uart.o(.text.HAL_UART_ReceiverTimeout_Config), (28 bytes).
    Removing stm32g0xx_hal_uart.o(.ARM.exidx.text.HAL_UART_ReceiverTimeout_Config), (8 bytes).
    Removing stm32g0xx_hal_uart.o(.text.HAL_UART_EnableReceiverTimeout), (60 bytes).
    Removing stm32g0xx_hal_uart.o(.ARM.exidx.text.HAL_UART_EnableReceiverTimeout), (8 bytes).
    Removing stm32g0xx_hal_uart.o(.text.HAL_UART_DisableReceiverTimeout), (60 bytes).
    Removing stm32g0xx_hal_uart.o(.ARM.exidx.text.HAL_UART_DisableReceiverTimeout), (8 bytes).
    Removing stm32g0xx_hal_uart.o(.text.HAL_MultiProcessor_EnableMuteMode), (60 bytes).
    Removing stm32g0xx_hal_uart.o(.ARM.exidx.text.HAL_MultiProcessor_EnableMuteMode), (8 bytes).
    Removing stm32g0xx_hal_uart.o(.text.HAL_MultiProcessor_DisableMuteMode), (60 bytes).
    Removing stm32g0xx_hal_uart.o(.ARM.exidx.text.HAL_MultiProcessor_DisableMuteMode), (8 bytes).
    Removing stm32g0xx_hal_uart.o(.text.HAL_MultiProcessor_EnterMuteMode), (12 bytes).
    Removing stm32g0xx_hal_uart.o(.ARM.exidx.text.HAL_MultiProcessor_EnterMuteMode), (8 bytes).
    Removing stm32g0xx_hal_uart.o(.text.HAL_HalfDuplex_EnableTransmitter), (82 bytes).
    Removing stm32g0xx_hal_uart.o(.ARM.exidx.text.HAL_HalfDuplex_EnableTransmitter), (8 bytes).
    Removing stm32g0xx_hal_uart.o(.text.HAL_HalfDuplex_EnableReceiver), (82 bytes).
    Removing stm32g0xx_hal_uart.o(.ARM.exidx.text.HAL_HalfDuplex_EnableReceiver), (8 bytes).
    Removing stm32g0xx_hal_uart.o(.text.HAL_LIN_SendBreak), (44 bytes).
    Removing stm32g0xx_hal_uart.o(.ARM.exidx.text.HAL_LIN_SendBreak), (8 bytes).
    Removing stm32g0xx_hal_uart.o(.text.HAL_UART_GetState), (12 bytes).
    Removing stm32g0xx_hal_uart.o(.ARM.exidx.text.HAL_UART_GetState), (8 bytes).
    Removing stm32g0xx_hal_uart.o(.text.HAL_UART_GetError), (6 bytes).
    Removing stm32g0xx_hal_uart.o(.ARM.exidx.text.HAL_UART_GetError), (8 bytes).
    Removing stm32g0xx_hal_uart.o(.text.UART_RxISR_16BIT_FIFOEN), (416 bytes).
    Removing stm32g0xx_hal_uart.o(.ARM.exidx.text.UART_RxISR_16BIT_FIFOEN), (8 bytes).
    Removing stm32g0xx_hal_uart.o(.text.UART_RxISR_8BIT_FIFOEN), (420 bytes).
    Removing stm32g0xx_hal_uart.o(.ARM.exidx.text.UART_RxISR_8BIT_FIFOEN), (8 bytes).
    Removing stm32g0xx_hal_uart.o(.text.UART_RxISR_16BIT), (168 bytes).
    Removing stm32g0xx_hal_uart.o(.ARM.exidx.text.UART_RxISR_16BIT), (8 bytes).
    Removing stm32g0xx_hal_uart.o(.text.UART_RxISR_8BIT), (170 bytes).
    Removing stm32g0xx_hal_uart.o(.ARM.exidx.text.UART_RxISR_8BIT), (8 bytes).
    Removing stm32g0xx_hal_uart.o(.text.UART_DMAReceiveCplt), (142 bytes).
    Removing stm32g0xx_hal_uart.o(.ARM.exidx.text.UART_DMAReceiveCplt), (8 bytes).
    Removing stm32g0xx_hal_uart.o(.text.UART_DMARxHalfCplt), (28 bytes).
    Removing stm32g0xx_hal_uart.o(.ARM.exidx.text.UART_DMARxHalfCplt), (8 bytes).
    Removing stm32g0xx_hal_uart_ex.o(.text), (0 bytes).
    Removing stm32g0xx_hal_uart_ex.o(.text.HAL_RS485Ex_Init), (144 bytes).
    Removing stm32g0xx_hal_uart_ex.o(.ARM.exidx.text.HAL_RS485Ex_Init), (8 bytes).
    Removing stm32g0xx_hal_uart_ex.o(.text.HAL_UARTEx_WakeupCallback), (2 bytes).
    Removing stm32g0xx_hal_uart_ex.o(.ARM.exidx.text.HAL_UARTEx_WakeupCallback), (8 bytes).
    Removing stm32g0xx_hal_uart_ex.o(.text.HAL_UARTEx_RxFifoFullCallback), (2 bytes).
    Removing stm32g0xx_hal_uart_ex.o(.ARM.exidx.text.HAL_UARTEx_RxFifoFullCallback), (8 bytes).
    Removing stm32g0xx_hal_uart_ex.o(.text.HAL_UARTEx_TxFifoEmptyCallback), (2 bytes).
    Removing stm32g0xx_hal_uart_ex.o(.ARM.exidx.text.HAL_UARTEx_TxFifoEmptyCallback), (8 bytes).
    Removing stm32g0xx_hal_uart_ex.o(.text.HAL_MultiProcessorEx_AddressLength_Set), (48 bytes).
    Removing stm32g0xx_hal_uart_ex.o(.ARM.exidx.text.HAL_MultiProcessorEx_AddressLength_Set), (8 bytes).
    Removing stm32g0xx_hal_uart_ex.o(.text.HAL_UARTEx_StopModeWakeUpSourceConfig), (140 bytes).
    Removing stm32g0xx_hal_uart_ex.o(.ARM.exidx.text.HAL_UARTEx_StopModeWakeUpSourceConfig), (8 bytes).
    Removing stm32g0xx_hal_uart_ex.o(.text.HAL_UARTEx_EnableStopMode), (50 bytes).
    Removing stm32g0xx_hal_uart_ex.o(.ARM.exidx.text.HAL_UARTEx_EnableStopMode), (8 bytes).
    Removing stm32g0xx_hal_uart_ex.o(.text.HAL_UARTEx_DisableStopMode), (50 bytes).
    Removing stm32g0xx_hal_uart_ex.o(.ARM.exidx.text.HAL_UARTEx_DisableStopMode), (8 bytes).
    Removing stm32g0xx_hal_uart_ex.o(.text.HAL_UARTEx_EnableFifoMode), (64 bytes).
    Removing stm32g0xx_hal_uart_ex.o(.ARM.exidx.text.HAL_UARTEx_EnableFifoMode), (8 bytes).
    Removing stm32g0xx_hal_uart_ex.o(.ARM.exidx.text.UARTEx_SetNbDataToProcess), (8 bytes).
    Removing stm32g0xx_hal_uart_ex.o(.ARM.exidx.text.HAL_UARTEx_DisableFifoMode), (8 bytes).
    Removing stm32g0xx_hal_uart_ex.o(.ARM.exidx.text.HAL_UARTEx_SetTxFifoThreshold), (8 bytes).
    Removing stm32g0xx_hal_uart_ex.o(.ARM.exidx.text.HAL_UARTEx_SetRxFifoThreshold), (8 bytes).
    Removing stm32g0xx_hal_uart_ex.o(.text.HAL_UARTEx_ReceiveToIdle), (376 bytes).
    Removing stm32g0xx_hal_uart_ex.o(.ARM.exidx.text.HAL_UARTEx_ReceiveToIdle), (8 bytes).
    Removing stm32g0xx_hal_uart_ex.o(.text.HAL_UARTEx_ReceiveToIdle_IT), (120 bytes).
    Removing stm32g0xx_hal_uart_ex.o(.ARM.exidx.text.HAL_UARTEx_ReceiveToIdle_IT), (8 bytes).
    Removing stm32g0xx_hal_uart_ex.o(.text.HAL_UARTEx_ReceiveToIdle_DMA), (120 bytes).
    Removing stm32g0xx_hal_uart_ex.o(.ARM.exidx.text.HAL_UARTEx_ReceiveToIdle_DMA), (8 bytes).
    Removing system_stm32g0xx.o(.text), (0 bytes).
    Removing system_stm32g0xx.o(.ARM.exidx.text.SystemInit), (8 bytes).
    Removing system_stm32g0xx.o(.text.SystemCoreClockUpdate), (140 bytes).
    Removing system_stm32g0xx.o(.ARM.exidx.text.SystemCoreClockUpdate), (8 bytes).
    Removing include.o(.text), (0 bytes).
    Removing include.o(.text.fputc), (28 bytes).
    Removing include.o(.ARM.exidx.text.fputc), (8 bytes).
    Removing arduino.o(.text), (0 bytes).
    Removing arduino.o(.text.led_on), (16 bytes).
    Removing arduino.o(.ARM.exidx.text.led_on), (8 bytes).
    Removing arduino.o(.text.led_off), (16 bytes).
    Removing arduino.o(.ARM.exidx.text.led_off), (8 bytes).
    Removing arduino.o(.ARM.exidx.text.led_toggle), (8 bytes).
    Removing arduino.o(.ARM.exidx.text.delay), (8 bytes).
    Removing arduino.o(.ARM.exidx.text.analogRead), (8 bytes).
    Removing arduino.o(.ARM.exidx.text.analogWrite), (8 bytes).
    Removing myadc.o(.text), (0 bytes).
    Removing myadc.o(.ARM.exidx.text.ADC_Select_CH), (8 bytes).
    Removing myadc.o(.ARM.exidx.text.ADC_single), (8 bytes).

936 unused section(s) (total 40710 bytes) removed from the image.

==============================================================================

Image Symbol Table

    Local Symbols

    Symbol Name                              Value     Ov Type        Size  Object(Section)

    ../clib/microlib/division.c              0x00000000   Number         0  uidiv.o ABSOLUTE
    ../clib/microlib/division.c              0x00000000   Number         0  uldiv.o ABSOLUTE
    ../clib/microlib/init/entry.s            0x00000000   Number         0  entry.o ABSOLUTE
    ../clib/microlib/init/entry.s            0x00000000   Number         0  entry2.o ABSOLUTE
    ../clib/microlib/init/entry.s            0x00000000   Number         0  entry5.o ABSOLUTE
    ../clib/microlib/init/entry.s            0x00000000   Number         0  entry7a.o ABSOLUTE
    ../clib/microlib/init/entry.s            0x00000000   Number         0  entry7b.o ABSOLUTE
    ../clib/microlib/init/entry.s            0x00000000   Number         0  entry8a.o ABSOLUTE
    ../clib/microlib/init/entry.s            0x00000000   Number         0  entry8b.o ABSOLUTE
    ../clib/microlib/init/entry.s            0x00000000   Number         0  entry9a.o ABSOLUTE
    ../clib/microlib/init/entry.s            0x00000000   Number         0  entry9b.o ABSOLUTE
    ../clib/microlib/init/entry.s            0x00000000   Number         0  entry10a.o ABSOLUTE
    ../clib/microlib/init/entry.s            0x00000000   Number         0  entry10b.o ABSOLUTE
    ../clib/microlib/init/entry.s            0x00000000   Number         0  entry11a.o ABSOLUTE
    ../clib/microlib/init/entry.s            0x00000000   Number         0  entry11b.o ABSOLUTE
    ../clib/microlib/longlong.c              0x00000000   Number         0  llshl.o ABSOLUTE
    ../clib/microlib/longlong.c              0x00000000   Number         0  llushr.o ABSOLUTE
    ../clib/microlib/string/memset.c         0x00000000   Number         0  memseta.o ABSOLUTE
    adc.c                                    0x00000000   Number         0  adc.o ABSOLUTE
    arduino.c                                0x00000000   Number         0  arduino.o ABSOLUTE
    dc.s                                     0x00000000   Number         0  dc.o ABSOLUTE
    gpio.c                                   0x00000000   Number         0  gpio.o ABSOLUTE
    handlers.s                               0x00000000   Number         0  handlers.o ABSOLUTE
    include.c                                0x00000000   Number         0  include.o ABSOLUTE
    init.s                                   0x00000000   Number         0  init.o ABSOLUTE
    main.c                                   0x00000000   Number         0  main.o ABSOLUTE
    myadc.c                                  0x00000000   Number         0  myadc.o ABSOLUTE
    startup_stm32g071xx.s                    0x00000000   Number         0  startup_stm32g071xx.o ABSOLUTE
    stm32g0xx_hal.c                          0x00000000   Number         0  stm32g0xx_hal.o ABSOLUTE
    stm32g0xx_hal_adc.c                      0x00000000   Number         0  stm32g0xx_hal_adc.o ABSOLUTE
    stm32g0xx_hal_adc_ex.c                   0x00000000   Number         0  stm32g0xx_hal_adc_ex.o ABSOLUTE
    stm32g0xx_hal_cortex.c                   0x00000000   Number         0  stm32g0xx_hal_cortex.o ABSOLUTE
    stm32g0xx_hal_dma.c                      0x00000000   Number         0  stm32g0xx_hal_dma.o ABSOLUTE
    stm32g0xx_hal_dma_ex.c                   0x00000000   Number         0  stm32g0xx_hal_dma_ex.o ABSOLUTE
    stm32g0xx_hal_exti.c                     0x00000000   Number         0  stm32g0xx_hal_exti.o ABSOLUTE
    stm32g0xx_hal_flash.c                    0x00000000   Number         0  stm32g0xx_hal_flash.o ABSOLUTE
    stm32g0xx_hal_flash_ex.c                 0x00000000   Number         0  stm32g0xx_hal_flash_ex.o ABSOLUTE
    stm32g0xx_hal_gpio.c                     0x00000000   Number         0  stm32g0xx_hal_gpio.o ABSOLUTE
    stm32g0xx_hal_msp.c                      0x00000000   Number         0  stm32g0xx_hal_msp.o ABSOLUTE
    stm32g0xx_hal_pwr.c                      0x00000000   Number         0  stm32g0xx_hal_pwr.o ABSOLUTE
    stm32g0xx_hal_pwr_ex.c                   0x00000000   Number         0  stm32g0xx_hal_pwr_ex.o ABSOLUTE
    stm32g0xx_hal_rcc.c                      0x00000000   Number         0  stm32g0xx_hal_rcc.o ABSOLUTE
    stm32g0xx_hal_rcc_ex.c                   0x00000000   Number         0  stm32g0xx_hal_rcc_ex.o ABSOLUTE
    stm32g0xx_hal_tim.c                      0x00000000   Number         0  stm32g0xx_hal_tim.o ABSOLUTE
    stm32g0xx_hal_tim_ex.c                   0x00000000   Number         0  stm32g0xx_hal_tim_ex.o ABSOLUTE
    stm32g0xx_hal_uart.c                     0x00000000   Number         0  stm32g0xx_hal_uart.o ABSOLUTE
    stm32g0xx_hal_uart_ex.c                  0x00000000   Number         0  stm32g0xx_hal_uart_ex.o ABSOLUTE
    stm32g0xx_it.c                           0x00000000   Number         0  stm32g0xx_it.o ABSOLUTE
    stm32g0xx_ll_adc.c                       0x00000000   Number         0  stm32g0xx_ll_adc.o ABSOLUTE
    stm32g0xx_ll_dma.c                       0x00000000   Number         0  stm32g0xx_ll_dma.o ABSOLUTE
    stm32g0xx_ll_rcc.c                       0x00000000   Number         0  stm32g0xx_ll_rcc.o ABSOLUTE
    system_stm32g0xx.c                       0x00000000   Number         0  system_stm32g0xx.o ABSOLUTE
    tim.c                                    0x00000000   Number         0  tim.o ABSOLUTE
    usart.c                                  0x00000000   Number         0  usart.o ABSOLUTE
    RESET                                    0x08000000   Section      188  startup_stm32g071xx.o(RESET)
    .ARM.Collect$$$$00000000                 0x080000bc   Section        0  entry.o(.ARM.Collect$$$$00000000)
    .ARM.Collect$$$$00000001                 0x080000bc   Section        4  entry2.o(.ARM.Collect$$$$00000001)
    .ARM.Collect$$$$00000004                 0x080000c0   Section        4  entry5.o(.ARM.Collect$$$$00000004)
    .ARM.Collect$$$$00000008                 0x080000c4   Section        0  entry7b.o(.ARM.Collect$$$$00000008)
    .ARM.Collect$$$$0000000A                 0x080000c4   Section        0  entry8b.o(.ARM.Collect$$$$0000000A)
    .ARM.Collect$$$$0000000B                 0x080000c4   Section        8  entry9a.o(.ARM.Collect$$$$0000000B)
    __lit__00000000                          0x080000cc   Data           4  entry2.o(.ARM.Collect$$$$00002712)
    .ARM.Collect$$$$0000000D                 0x080000cc   Section        0  entry10a.o(.ARM.Collect$$$$0000000D)
    .ARM.Collect$$$$0000000F                 0x080000cc   Section        0  entry11a.o(.ARM.Collect$$$$0000000F)
    .ARM.Collect$$$$00002712                 0x080000cc   Section        4  entry2.o(.ARM.Collect$$$$00002712)
    .text                                    0x080000d0   Section       28  startup_stm32g071xx.o(.text)
    .text                                    0x080000ec   Section        0  uidiv.o(.text)
    .text                                    0x08000118   Section        0  uldiv.o(.text)
    .text                                    0x08000178   Section        0  memseta.o(.text)
    .text                                    0x0800019c   Section        0  llshl.o(.text)
    .text                                    0x080001bc   Section        0  llushr.o(.text)
    .text                                    0x080001e0   Section       36  init.o(.text)
    [Anonymous Symbol]                       0x08000204   Section        0  stm32g0xx_hal_adc.o(.text.ADC_ConversionStop)
    [Anonymous Symbol]                       0x08000258   Section        0  stm32g0xx_hal_adc.o(.text.ADC_Disable)
    [Anonymous Symbol]                       0x080002cc   Section        0  stm32g0xx_hal_adc.o(.text.ADC_Enable)
    __arm_cp.7_1                             0x08000374   Number         4  stm32g0xx_hal_adc.o(.text.ADC_Enable)
    __arm_cp.7_2                             0x08000378   Number         4  stm32g0xx_hal_adc.o(.text.ADC_Enable)
    __arm_cp.7_3                             0x0800037c   Number         4  stm32g0xx_hal_adc.o(.text.ADC_Enable)
    [Anonymous Symbol]                       0x08000380   Section        0  myadc.o(.text.ADC_Select_CH)
    [Anonymous Symbol]                       0x080003a0   Section        0  myadc.o(.text.ADC_single)
    __arm_cp.1_0                             0x080003cc   Number         4  myadc.o(.text.ADC_single)
    [Anonymous Symbol]                       0x080003d0   Section        0  main.o(.text.Error_Handler)
    [Anonymous Symbol]                       0x080003d8   Section        0  stm32g0xx_hal_adc_ex.o(.text.HAL_ADCEx_Calibration_Start)
    __arm_cp.0_0                             0x080004f8   Number         4  stm32g0xx_hal_adc_ex.o(.text.HAL_ADCEx_Calibration_Start)
    __arm_cp.0_1                             0x080004fc   Number         4  stm32g0xx_hal_adc_ex.o(.text.HAL_ADCEx_Calibration_Start)
    __arm_cp.0_2                             0x08000500   Number         4  stm32g0xx_hal_adc_ex.o(.text.HAL_ADCEx_Calibration_Start)
    __arm_cp.0_3                             0x08000504   Number         4  stm32g0xx_hal_adc_ex.o(.text.HAL_ADCEx_Calibration_Start)
    [Anonymous Symbol]                       0x08000508   Section        0  stm32g0xx_hal_adc.o(.text.HAL_ADC_ConfigChannel)
    __arm_cp.24_0                            0x08000760   Number         4  stm32g0xx_hal_adc.o(.text.HAL_ADC_ConfigChannel)
    __arm_cp.24_1                            0x08000764   Number         4  stm32g0xx_hal_adc.o(.text.HAL_ADC_ConfigChannel)
    __arm_cp.24_2                            0x08000768   Number         4  stm32g0xx_hal_adc.o(.text.HAL_ADC_ConfigChannel)
    __arm_cp.24_3                            0x0800076c   Number         4  stm32g0xx_hal_adc.o(.text.HAL_ADC_ConfigChannel)
    __arm_cp.24_4                            0x08000770   Number         4  stm32g0xx_hal_adc.o(.text.HAL_ADC_ConfigChannel)
    __arm_cp.24_5                            0x08000774   Number         4  stm32g0xx_hal_adc.o(.text.HAL_ADC_ConfigChannel)
    __arm_cp.24_8                            0x08000778   Number         4  stm32g0xx_hal_adc.o(.text.HAL_ADC_ConfigChannel)
    [Anonymous Symbol]                       0x0800077c   Section        0  stm32g0xx_hal_adc.o(.text.HAL_ADC_GetValue)
    [Anonymous Symbol]                       0x08000784   Section        0  stm32g0xx_hal_adc.o(.text.HAL_ADC_Init)
    __arm_cp.0_0                             0x080009a0   Number         4  stm32g0xx_hal_adc.o(.text.HAL_ADC_Init)
    __arm_cp.0_1                             0x080009a4   Number         4  stm32g0xx_hal_adc.o(.text.HAL_ADC_Init)
    __arm_cp.0_2                             0x080009a8   Number         4  stm32g0xx_hal_adc.o(.text.HAL_ADC_Init)
    __arm_cp.0_3                             0x080009ac   Number         4  stm32g0xx_hal_adc.o(.text.HAL_ADC_Init)
    __arm_cp.0_4                             0x080009b0   Number         4  stm32g0xx_hal_adc.o(.text.HAL_ADC_Init)
    __arm_cp.0_5                             0x080009b4   Number         4  stm32g0xx_hal_adc.o(.text.HAL_ADC_Init)
    __arm_cp.0_6                             0x080009b8   Number         4  stm32g0xx_hal_adc.o(.text.HAL_ADC_Init)
    [Anonymous Symbol]                       0x080009bc   Section        0  adc.o(.text.HAL_ADC_MspInit)
    __arm_cp.1_0                             0x08000a28   Number         4  adc.o(.text.HAL_ADC_MspInit)
    __arm_cp.1_1                             0x08000a2c   Number         4  adc.o(.text.HAL_ADC_MspInit)
    [Anonymous Symbol]                       0x08000a30   Section        0  stm32g0xx_hal_adc.o(.text.HAL_ADC_PollForConversion)
    [Anonymous Symbol]                       0x08000ae8   Section        0  stm32g0xx_hal_adc.o(.text.HAL_ADC_Start)
    __arm_cp.6_0                             0x08000b3c   Number         4  stm32g0xx_hal_adc.o(.text.HAL_ADC_Start)
    __arm_cp.6_1                             0x08000b40   Number         4  stm32g0xx_hal_adc.o(.text.HAL_ADC_Start)
    [Anonymous Symbol]                       0x08000b44   Section        0  stm32g0xx_hal_adc.o(.text.HAL_ADC_Stop)
    [Anonymous Symbol]                       0x08000b84   Section        0  stm32g0xx_hal.o(.text.HAL_Delay)
    [Anonymous Symbol]                       0x08000ba4   Section        0  stm32g0xx_hal_gpio.o(.text.HAL_GPIO_Init)
    __arm_cp.0_0                             0x08000d1c   Number         4  stm32g0xx_hal_gpio.o(.text.HAL_GPIO_Init)
    __arm_cp.0_1                             0x08000d20   Number         4  stm32g0xx_hal_gpio.o(.text.HAL_GPIO_Init)
    __arm_cp.0_2                             0x08000d24   Number         4  stm32g0xx_hal_gpio.o(.text.HAL_GPIO_Init)
    __arm_cp.0_3                             0x08000d28   Number         4  stm32g0xx_hal_gpio.o(.text.HAL_GPIO_Init)
    __arm_cp.0_4                             0x08000d2c   Number         4  stm32g0xx_hal_gpio.o(.text.HAL_GPIO_Init)
    [Anonymous Symbol]                       0x08000d30   Section        0  stm32g0xx_hal_gpio.o(.text.HAL_GPIO_TogglePin)
    [Anonymous Symbol]                       0x08000d40   Section        0  stm32g0xx_hal_gpio.o(.text.HAL_GPIO_WritePin)
    [Anonymous Symbol]                       0x08000d50   Section        0  stm32g0xx_hal.o(.text.HAL_GetTick)
    [Anonymous Symbol]                       0x08000d58   Section        0  stm32g0xx_hal.o(.text.HAL_IncTick)
    __arm_cp.5_1                             0x08000d68   Number         4  stm32g0xx_hal.o(.text.HAL_IncTick)
    [Anonymous Symbol]                       0x08000d6c   Section        0  stm32g0xx_hal.o(.text.HAL_Init)
    __arm_cp.0_0                             0x08000d90   Number         4  stm32g0xx_hal.o(.text.HAL_Init)
    [Anonymous Symbol]                       0x08000d94   Section        0  stm32g0xx_hal.o(.text.HAL_InitTick)
    __arm_cp.1_0                             0x08000dd4   Number         4  stm32g0xx_hal.o(.text.HAL_InitTick)
    [Anonymous Symbol]                       0x08000dd8   Section        0  stm32g0xx_hal_msp.o(.text.HAL_MspInit)
    __arm_cp.0_0                             0x08000e08   Number         4  stm32g0xx_hal_msp.o(.text.HAL_MspInit)
    [Anonymous Symbol]                       0x08000e0c   Section        0  stm32g0xx_hal_cortex.o(.text.HAL_NVIC_EnableIRQ)
    __arm_cp.2_0                             0x08000e20   Number         4  stm32g0xx_hal_cortex.o(.text.HAL_NVIC_EnableIRQ)
    [Anonymous Symbol]                       0x08000e24   Section        0  stm32g0xx_hal_cortex.o(.text.HAL_NVIC_SetPriority)
    [Anonymous Symbol]                       0x08000e2c   Section        0  stm32g0xx_hal_pwr_ex.o(.text.HAL_PWREx_ControlVoltageScaling)
    __arm_cp.20_1                            0x08000e6c   Number         4  stm32g0xx_hal_pwr_ex.o(.text.HAL_PWREx_ControlVoltageScaling)
    __arm_cp.20_2                            0x08000e70   Number         4  stm32g0xx_hal_pwr_ex.o(.text.HAL_PWREx_ControlVoltageScaling)
    [Anonymous Symbol]                       0x08000e74   Section        0  stm32g0xx_hal_rcc_ex.o(.text.HAL_RCCEx_PeriphCLKConfig)
    __arm_cp.0_0                             0x08001034   Number         4  stm32g0xx_hal_rcc_ex.o(.text.HAL_RCCEx_PeriphCLKConfig)
    __arm_cp.0_1                             0x08001038   Number         4  stm32g0xx_hal_rcc_ex.o(.text.HAL_RCCEx_PeriphCLKConfig)
    __arm_cp.0_2                             0x0800103c   Number         4  stm32g0xx_hal_rcc_ex.o(.text.HAL_RCCEx_PeriphCLKConfig)
    __arm_cp.0_4                             0x08001040   Number         4  stm32g0xx_hal_rcc_ex.o(.text.HAL_RCCEx_PeriphCLKConfig)
    [Anonymous Symbol]                       0x08001044   Section        0  stm32g0xx_hal_rcc.o(.text.HAL_RCC_ClockConfig)
    __arm_cp.2_0                             0x080011a4   Number         4  stm32g0xx_hal_rcc.o(.text.HAL_RCC_ClockConfig)
    __arm_cp.2_1                             0x080011a8   Number         4  stm32g0xx_hal_rcc.o(.text.HAL_RCC_ClockConfig)
    __arm_cp.2_3                             0x080011ac   Number         4  stm32g0xx_hal_rcc.o(.text.HAL_RCC_ClockConfig)
    __arm_cp.2_5                             0x080011b0   Number         4  stm32g0xx_hal_rcc.o(.text.HAL_RCC_ClockConfig)
    [Anonymous Symbol]                       0x080011b4   Section        0  stm32g0xx_hal_rcc.o(.text.HAL_RCC_GetPCLK1Freq)
    __arm_cp.6_0                             0x080011d0   Number         4  stm32g0xx_hal_rcc.o(.text.HAL_RCC_GetPCLK1Freq)
    __arm_cp.6_2                             0x080011d4   Number         4  stm32g0xx_hal_rcc.o(.text.HAL_RCC_GetPCLK1Freq)
    [Anonymous Symbol]                       0x080011d8   Section        0  stm32g0xx_hal_rcc.o(.text.HAL_RCC_GetSysClockFreq)
    __arm_cp.3_0                             0x08001254   Number         4  stm32g0xx_hal_rcc.o(.text.HAL_RCC_GetSysClockFreq)
    __arm_cp.3_1                             0x08001258   Number         4  stm32g0xx_hal_rcc.o(.text.HAL_RCC_GetSysClockFreq)
    __arm_cp.3_2                             0x0800125c   Number         4  stm32g0xx_hal_rcc.o(.text.HAL_RCC_GetSysClockFreq)
    [Anonymous Symbol]                       0x08001260   Section        0  stm32g0xx_hal_rcc.o(.text.HAL_RCC_OscConfig)
    __arm_cp.1_8                             0x0800165c   Number         4  stm32g0xx_hal_rcc.o(.text.HAL_RCC_OscConfig)
    __arm_cp.1_1                             0x080016a4   Number         4  stm32g0xx_hal_rcc.o(.text.HAL_RCC_OscConfig)
    __arm_cp.1_2                             0x080016a8   Number         4  stm32g0xx_hal_rcc.o(.text.HAL_RCC_OscConfig)
    __arm_cp.1_3                             0x080016ac   Number         4  stm32g0xx_hal_rcc.o(.text.HAL_RCC_OscConfig)
    __arm_cp.1_4                             0x080016b0   Number         4  stm32g0xx_hal_rcc.o(.text.HAL_RCC_OscConfig)
    __arm_cp.1_5                             0x080016b4   Number         4  stm32g0xx_hal_rcc.o(.text.HAL_RCC_OscConfig)
    __arm_cp.1_6                             0x080016b8   Number         4  stm32g0xx_hal_rcc.o(.text.HAL_RCC_OscConfig)
    __arm_cp.1_7                             0x080016bc   Number         4  stm32g0xx_hal_rcc.o(.text.HAL_RCC_OscConfig)
    [Anonymous Symbol]                       0x080016c0   Section        0  stm32g0xx_hal.o(.text.HAL_SYSCFG_StrobeDBattpinsConfig)
    __arm_cp.32_0                            0x080016d0   Number         4  stm32g0xx_hal.o(.text.HAL_SYSCFG_StrobeDBattpinsConfig)
    [Anonymous Symbol]                       0x080016d4   Section        0  stm32g0xx_hal_cortex.o(.text.HAL_SYSTICK_Config)
    __arm_cp.6_0                             0x080016fc   Number         4  stm32g0xx_hal_cortex.o(.text.HAL_SYSTICK_Config)
    __arm_cp.6_1                             0x08001700   Number         4  stm32g0xx_hal_cortex.o(.text.HAL_SYSTICK_Config)
    __arm_cp.6_2                             0x08001704   Number         4  stm32g0xx_hal_cortex.o(.text.HAL_SYSTICK_Config)
    [Anonymous Symbol]                       0x08001708   Section        0  stm32g0xx_hal_tim_ex.o(.text.HAL_TIMEx_Break2Callback)
    [Anonymous Symbol]                       0x0800170a   Section        0  stm32g0xx_hal_tim_ex.o(.text.HAL_TIMEx_BreakCallback)
    [Anonymous Symbol]                       0x0800170c   Section        0  stm32g0xx_hal_tim_ex.o(.text.HAL_TIMEx_CommutCallback)
    [Anonymous Symbol]                       0x08001710   Section        0  stm32g0xx_hal_tim_ex.o(.text.HAL_TIMEx_MasterConfigSynchronization)
    [Anonymous Symbol]                       0x0800177c   Section        0  stm32g0xx_hal_tim.o(.text.HAL_TIM_Base_Init)
    [Anonymous Symbol]                       0x080017e0   Section        0  tim.o(.text.HAL_TIM_Base_MspInit)
    __arm_cp.2_0                             0x08001814   Number         4  tim.o(.text.HAL_TIM_Base_MspInit)
    [Anonymous Symbol]                       0x08001818   Section        0  stm32g0xx_hal_tim.o(.text.HAL_TIM_Base_Start_IT)
    __arm_cp.7_0                             0x08001874   Number         4  stm32g0xx_hal_tim.o(.text.HAL_TIM_Base_Start_IT)
    __arm_cp.7_1                             0x08001878   Number         4  stm32g0xx_hal_tim.o(.text.HAL_TIM_Base_Start_IT)
    __arm_cp.7_2                             0x0800187c   Number         4  stm32g0xx_hal_tim.o(.text.HAL_TIM_Base_Start_IT)
    __arm_cp.7_3                             0x08001880   Number         4  stm32g0xx_hal_tim.o(.text.HAL_TIM_Base_Start_IT)
    [Anonymous Symbol]                       0x08001884   Section        0  stm32g0xx_hal_tim.o(.text.HAL_TIM_ConfigClockSource)
    __arm_cp.96_0                            0x08001998   Number         4  stm32g0xx_hal_tim.o(.text.HAL_TIM_ConfigClockSource)
    __arm_cp.96_1                            0x0800199c   Number         4  stm32g0xx_hal_tim.o(.text.HAL_TIM_ConfigClockSource)
    [Anonymous Symbol]                       0x080019a0   Section        0  stm32g0xx_hal_tim.o(.text.HAL_TIM_IC_CaptureCallback)
    [Anonymous Symbol]                       0x080019a4   Section        0  stm32g0xx_hal_tim.o(.text.HAL_TIM_IRQHandler)
    __arm_cp.67_0                            0x08001b04   Number         4  stm32g0xx_hal_tim.o(.text.HAL_TIM_IRQHandler)
    [Anonymous Symbol]                       0x08001b08   Section        0  tim.o(.text.HAL_TIM_MspPostInit)
    __arm_cp.1_0                             0x08001b74   Number         4  tim.o(.text.HAL_TIM_MspPostInit)
    __arm_cp.1_1                             0x08001b78   Number         4  tim.o(.text.HAL_TIM_MspPostInit)
    __arm_cp.1_2                             0x08001b7c   Number         4  tim.o(.text.HAL_TIM_MspPostInit)
    [Anonymous Symbol]                       0x08001b80   Section        0  stm32g0xx_hal_tim.o(.text.HAL_TIM_OC_DelayElapsedCallback)
    [Anonymous Symbol]                       0x08001b84   Section        0  stm32g0xx_hal_tim.o(.text.HAL_TIM_PWM_ConfigChannel)
    [Anonymous Symbol]                       0x08001c82   Section        0  stm32g0xx_hal_tim.o(.text.HAL_TIM_PWM_Init)
    [Anonymous Symbol]                       0x08001ce6   Section        0  stm32g0xx_hal_tim.o(.text.HAL_TIM_PWM_MspInit)
    [Anonymous Symbol]                       0x08001ce8   Section        0  stm32g0xx_hal_tim.o(.text.HAL_TIM_PWM_PulseFinishedCallback)
    [Anonymous Symbol]                       0x08001cec   Section        0  stm32g0xx_hal_tim.o(.text.HAL_TIM_PWM_Start)
    __arm_cp.31_0                            0x08001dc8   Number         4  stm32g0xx_hal_tim.o(.text.HAL_TIM_PWM_Start)
    __arm_cp.31_1                            0x08001dcc   Number         4  stm32g0xx_hal_tim.o(.text.HAL_TIM_PWM_Start)
    __arm_cp.31_2                            0x08001dd0   Number         4  stm32g0xx_hal_tim.o(.text.HAL_TIM_PWM_Start)
    __arm_cp.31_3                            0x08001dd4   Number         4  stm32g0xx_hal_tim.o(.text.HAL_TIM_PWM_Start)
    __arm_cp.31_4                            0x08001dd8   Number         4  stm32g0xx_hal_tim.o(.text.HAL_TIM_PWM_Start)
    [Anonymous Symbol]                       0x08001ddc   Section        0  main.o(.text.HAL_TIM_PeriodElapsedCallback)
    __arm_cp.6_0                             0x08001dec   Number         4  main.o(.text.HAL_TIM_PeriodElapsedCallback)
    [Anonymous Symbol]                       0x08001df0   Section        0  stm32g0xx_hal_tim.o(.text.HAL_TIM_TriggerCallback)
    [Anonymous Symbol]                       0x08001df2   Section        0  stm32g0xx_hal_uart_ex.o(.text.HAL_UARTEx_DisableFifoMode)
    [Anonymous Symbol]                       0x08001e2a   Section        0  stm32g0xx_hal_uart_ex.o(.text.HAL_UARTEx_SetRxFifoThreshold)
    [Anonymous Symbol]                       0x08001e74   Section        0  stm32g0xx_hal_uart_ex.o(.text.HAL_UARTEx_SetTxFifoThreshold)
    [Anonymous Symbol]                       0x08001ebe   Section        0  stm32g0xx_hal_uart.o(.text.HAL_UART_Init)
    [Anonymous Symbol]                       0x08001f30   Section        0  usart.o(.text.HAL_UART_MspInit)
    [Anonymous Symbol]                       0x08001fa0   Section        0  stm32g0xx_it.o(.text.HardFault_Handler)
    [Anonymous Symbol]                       0x08001fa4   Section        0  adc.o(.text.MX_ADC1_Init)
    __arm_cp.0_0                             0x08002000   Number         4  adc.o(.text.MX_ADC1_Init)
    __arm_cp.0_1                             0x08002004   Number         4  adc.o(.text.MX_ADC1_Init)
    [Anonymous Symbol]                       0x08002008   Section        0  gpio.o(.text.MX_GPIO_Init)
    __arm_cp.0_0                             0x08002078   Number         4  gpio.o(.text.MX_GPIO_Init)
    [Anonymous Symbol]                       0x0800207c   Section        0  tim.o(.text.MX_TIM2_Init)
    __arm_cp.0_1                             0x0800214c   Number         4  tim.o(.text.MX_TIM2_Init)
    [Anonymous Symbol]                       0x08002150   Section        0  usart.o(.text.MX_USART2_UART_Init)
    __arm_cp.0_0                             0x080021b4   Number         4  usart.o(.text.MX_USART2_UART_Init)
    __arm_cp.0_1                             0x080021b8   Number         4  usart.o(.text.MX_USART2_UART_Init)
    [Anonymous Symbol]                       0x080021bc   Section        0  stm32g0xx_it.o(.text.NMI_Handler)
    [Anonymous Symbol]                       0x080021be   Section        0  stm32g0xx_it.o(.text.PendSV_Handler)
    [Anonymous Symbol]                       0x080021c0   Section        0  stm32g0xx_it.o(.text.SVC_Handler)
    [Anonymous Symbol]                       0x080021c2   Section        0  stm32g0xx_it.o(.text.SysTick_Handler)
    [Anonymous Symbol]                       0x080021ca   Section        0  main.o(.text.SystemClock_Config)
    [Anonymous Symbol]                       0x0800222e   Section        0  system_stm32g0xx.o(.text.SystemInit)
    [Anonymous Symbol]                       0x08002230   Section        0  stm32g0xx_it.o(.text.TIM2_IRQHandler)
    __arm_cp.5_0                             0x0800223c   Number         4  stm32g0xx_it.o(.text.TIM2_IRQHandler)
    [Anonymous Symbol]                       0x08002240   Section        0  stm32g0xx_hal_tim.o(.text.TIM_Base_SetConfig)
    __arm_cp.2_1                             0x080022cc   Number         4  stm32g0xx_hal_tim.o(.text.TIM_Base_SetConfig)
    __arm_cp.2_2                             0x080022d0   Number         4  stm32g0xx_hal_tim.o(.text.TIM_Base_SetConfig)
    [Anonymous Symbol]                       0x080022d4   Section        0  stm32g0xx_hal_tim.o(.text.TIM_CCxChannelCmd)
    TIM_OC1_SetConfig                        0x080022f1   Thumb Code   104  stm32g0xx_hal_tim.o(.text.TIM_OC1_SetConfig)
    [Anonymous Symbol]                       0x080022f0   Section        0  stm32g0xx_hal_tim.o(.text.TIM_OC1_SetConfig)
    [Anonymous Symbol]                       0x08002350   Section        0  stm32g0xx_hal_tim.o(.text.TIM_OC2_SetConfig)
    TIM_OC3_SetConfig                        0x080023bd   Thumb Code   132  stm32g0xx_hal_tim.o(.text.TIM_OC3_SetConfig)
    [Anonymous Symbol]                       0x080023bc   Section        0  stm32g0xx_hal_tim.o(.text.TIM_OC3_SetConfig)
    __arm_cp.76_0                            0x08002428   Number         4  stm32g0xx_hal_tim.o(.text.TIM_OC3_SetConfig)
    __arm_cp.76_1                            0x0800242c   Number         4  stm32g0xx_hal_tim.o(.text.TIM_OC3_SetConfig)
    __arm_cp.76_2                            0x08002430   Number         4  stm32g0xx_hal_tim.o(.text.TIM_OC3_SetConfig)
    __arm_cp.76_3                            0x08002434   Number         4  stm32g0xx_hal_tim.o(.text.TIM_OC3_SetConfig)
    __arm_cp.76_4                            0x08002438   Number         4  stm32g0xx_hal_tim.o(.text.TIM_OC3_SetConfig)
    __arm_cp.76_5                            0x0800243c   Number         4  stm32g0xx_hal_tim.o(.text.TIM_OC3_SetConfig)
    TIM_OC4_SetConfig                        0x08002441   Thumb Code    96  stm32g0xx_hal_tim.o(.text.TIM_OC4_SetConfig)
    [Anonymous Symbol]                       0x08002440   Section        0  stm32g0xx_hal_tim.o(.text.TIM_OC4_SetConfig)
    __arm_cp.77_0                            0x08002498   Number         4  stm32g0xx_hal_tim.o(.text.TIM_OC4_SetConfig)
    TIM_OC5_SetConfig                        0x0800249d   Thumb Code    96  stm32g0xx_hal_tim.o(.text.TIM_OC5_SetConfig)
    [Anonymous Symbol]                       0x0800249c   Section        0  stm32g0xx_hal_tim.o(.text.TIM_OC5_SetConfig)
    __arm_cp.78_0                            0x080024f4   Number         4  stm32g0xx_hal_tim.o(.text.TIM_OC5_SetConfig)
    TIM_OC6_SetConfig                        0x080024f9   Thumb Code    96  stm32g0xx_hal_tim.o(.text.TIM_OC6_SetConfig)
    [Anonymous Symbol]                       0x080024f8   Section        0  stm32g0xx_hal_tim.o(.text.TIM_OC6_SetConfig)
    __arm_cp.79_0                            0x08002550   Number         4  stm32g0xx_hal_tim.o(.text.TIM_OC6_SetConfig)
    __arm_cp.79_1                            0x08002554   Number         4  stm32g0xx_hal_tim.o(.text.TIM_OC6_SetConfig)
    TIM_TI1_ConfigInputStage                 0x08002559   Thumb Code    34  stm32g0xx_hal_tim.o(.text.TIM_TI1_ConfigInputStage)
    [Anonymous Symbol]                       0x08002558   Section        0  stm32g0xx_hal_tim.o(.text.TIM_TI1_ConfigInputStage)
    TIM_TI2_ConfigInputStage                 0x0800257b   Thumb Code    38  stm32g0xx_hal_tim.o(.text.TIM_TI2_ConfigInputStage)
    [Anonymous Symbol]                       0x0800257a   Section        0  stm32g0xx_hal_tim.o(.text.TIM_TI2_ConfigInputStage)
    UARTEx_SetNbDataToProcess                0x080025a1   Thumb Code    76  stm32g0xx_hal_uart_ex.o(.text.UARTEx_SetNbDataToProcess)
    [Anonymous Symbol]                       0x080025a0   Section        0  stm32g0xx_hal_uart_ex.o(.text.UARTEx_SetNbDataToProcess)
    __arm_cp.9_0                             0x080025e4   Number         4  stm32g0xx_hal_uart_ex.o(.text.UARTEx_SetNbDataToProcess)
    __arm_cp.9_1                             0x080025e8   Number         4  stm32g0xx_hal_uart_ex.o(.text.UARTEx_SetNbDataToProcess)
    [Anonymous Symbol]                       0x080025ec   Section        0  stm32g0xx_hal_uart.o(.text.UART_AdvFeatureConfig)
    [Anonymous Symbol]                       0x080026a4   Section        0  stm32g0xx_hal_uart.o(.text.UART_CheckIdleState)
    __arm_cp.4_0                             0x08002710   Number         4  stm32g0xx_hal_uart.o(.text.UART_CheckIdleState)
    [Anonymous Symbol]                       0x08002714   Section        0  stm32g0xx_hal_uart.o(.text.UART_SetConfig)
    __arm_cp.2_0                             0x080028e0   Number         4  stm32g0xx_hal_uart.o(.text.UART_SetConfig)
    __arm_cp.2_1                             0x080028e4   Number         4  stm32g0xx_hal_uart.o(.text.UART_SetConfig)
    __arm_cp.2_2                             0x080028e8   Number         4  stm32g0xx_hal_uart.o(.text.UART_SetConfig)
    __arm_cp.2_3                             0x080028ec   Number         4  stm32g0xx_hal_uart.o(.text.UART_SetConfig)
    __arm_cp.2_4                             0x080028f0   Number         4  stm32g0xx_hal_uart.o(.text.UART_SetConfig)
    __arm_cp.2_5                             0x080028f4   Number         4  stm32g0xx_hal_uart.o(.text.UART_SetConfig)
    __arm_cp.2_6                             0x080028f8   Number         4  stm32g0xx_hal_uart.o(.text.UART_SetConfig)
    __arm_cp.2_7                             0x080028fc   Number         4  stm32g0xx_hal_uart.o(.text.UART_SetConfig)
    __arm_cp.2_8                             0x08002900   Number         4  stm32g0xx_hal_uart.o(.text.UART_SetConfig)
    __arm_cp.2_9                             0x08002904   Number         4  stm32g0xx_hal_uart.o(.text.UART_SetConfig)
    __arm_cp.2_10                            0x08002908   Number         4  stm32g0xx_hal_uart.o(.text.UART_SetConfig)
    __arm_cp.2_11                            0x0800290c   Number         4  stm32g0xx_hal_uart.o(.text.UART_SetConfig)
    __arm_cp.2_12                            0x08002910   Number         4  stm32g0xx_hal_uart.o(.text.UART_SetConfig)
    __arm_cp.2_13                            0x08002914   Number         4  stm32g0xx_hal_uart.o(.text.UART_SetConfig)
    __arm_cp.2_14                            0x08002918   Number         4  stm32g0xx_hal_uart.o(.text.UART_SetConfig)
    [Anonymous Symbol]                       0x0800291c   Section        0  stm32g0xx_hal_uart.o(.text.UART_WaitOnFlagUntilTimeout)
    __NVIC_SetPriority                       0x080029f1   Thumb Code    64  stm32g0xx_hal_cortex.o(.text.__NVIC_SetPriority)
    [Anonymous Symbol]                       0x080029f0   Section        0  stm32g0xx_hal_cortex.o(.text.__NVIC_SetPriority)
    __arm_cp.1_0                             0x08002a28   Number         4  stm32g0xx_hal_cortex.o(.text.__NVIC_SetPriority)
    __arm_cp.1_1                             0x08002a2c   Number         4  stm32g0xx_hal_cortex.o(.text.__NVIC_SetPriority)
    [Anonymous Symbol]                       0x08002a30   Section        0  arduino.o(.text.analogRead)
    [Anonymous Symbol]                       0x08002a3c   Section        0  arduino.o(.text.analogWrite)
    __arm_cp.5_0                             0x08002a70   Number         4  arduino.o(.text.analogWrite)
    __arm_cp.5_1                             0x08002a74   Number         4  arduino.o(.text.analogWrite)
    [Anonymous Symbol]                       0x08002a78   Section        0  arduino.o(.text.delay)
    [Anonymous Symbol]                       0x08002a84   Section        0  arduino.o(.text.led_toggle)
    [Anonymous Symbol]                       0x08002a92   Section        0  main.o(.text.loop)
    [Anonymous Symbol]                       0x08002aa4   Section        0  main.o(.text.main)
    __arm_cp.3_0                             0x08002aec   Number         4  main.o(.text.main)
    __arm_cp.3_1                             0x08002af0   Number         4  main.o(.text.main)
    __arm_cp.3_2                             0x08002af4   Number         4  main.o(.text.main)
    [Anonymous Symbol]                       0x08002af8   Section        0  main.o(.text.timer_loop)
    __arm_cp.2_0                             0x08002b28   Number         4  main.o(.text.timer_loop)
    __arm_cp.2_1                             0x08002b2c   Number         4  main.o(.text.timer_loop)
    i.__scatterload_copy                     0x08002b30   Section       14  handlers.o(i.__scatterload_copy)
    i.__scatterload_null                     0x08002b3e   Section        2  handlers.o(i.__scatterload_null)
    i.__scatterload_zeroinit                 0x08002b40   Section       14  handlers.o(i.__scatterload_zeroinit)
    .Lswitch.table.UART_SetConfig.2          0x08002bc8   Data          16  stm32g0xx_hal_uart.o(.rodata.cst16)
    UARTEx_SetNbDataToProcess.numerator      0x08002bd8   Data           8  stm32g0xx_hal_uart_ex.o(.rodata.cst8)
    UARTEx_SetNbDataToProcess.denominator    0x08002be0   Data           8  stm32g0xx_hal_uart_ex.o(.rodata.cst8)
    [Anonymous Symbol]                       0x20000000   Section        0  stm32g0xx_hal.o(.data..L_MergedGlobals)
    [Anonymous Symbol]                       0x20000010   Section        0  main.o(.bss..L_MergedGlobals)
    STACK                                    0x20000160   Section     1024  startup_stm32g071xx.o(STACK)

    Global Symbols

    Symbol Name                              Value     Ov Type        Size  Object(Section)

    BuildAttributes$$THM_ISAv3M$S$PE$A:L22$X:L11$S22$IEEE1$IW$~IW$USESV6$~STKCKD$USESV7$~SHL$OSPACE$EBA8$MICROLIB$REQ8$PRES8$EABIv2 0x00000000   Number         0  anon$$obj.o ABSOLUTE
    __cpp_initialize__aeabi_                  - Undefined Weak Reference
    __cxa_finalize                            - Undefined Weak Reference
    __decompress                              - Undefined Weak Reference
    _clock_init                               - Undefined Weak Reference
    _microlib_exit                            - Undefined Weak Reference
    __Vectors_Size                           0x000000bc   Number         0  startup_stm32g071xx.o ABSOLUTE
    __Vectors                                0x08000000   Data           4  startup_stm32g071xx.o(RESET)
    __Vectors_End                            0x080000bc   Data           0  startup_stm32g071xx.o(RESET)
    __main                                   0x080000bd   Thumb Code     0  entry.o(.ARM.Collect$$$$00000000)
    _main_stk                                0x080000bd   Thumb Code     0  entry2.o(.ARM.Collect$$$$00000001)
    _main_scatterload                        0x080000c1   Thumb Code     0  entry5.o(.ARM.Collect$$$$00000004)
    __main_after_scatterload                 0x080000c5   Thumb Code     0  entry5.o(.ARM.Collect$$$$00000004)
    _main_clock                              0x080000c5   Thumb Code     0  entry7b.o(.ARM.Collect$$$$00000008)
    _main_cpp_init                           0x080000c5   Thumb Code     0  entry8b.o(.ARM.Collect$$$$0000000A)
    _main_init                               0x080000c5   Thumb Code     0  entry9a.o(.ARM.Collect$$$$0000000B)
    __rt_final_cpp                           0x080000cd   Thumb Code     0  entry10a.o(.ARM.Collect$$$$0000000D)
    __rt_final_exit                          0x080000cd   Thumb Code     0  entry11a.o(.ARM.Collect$$$$0000000F)
    Reset_Handler                            0x080000d1   Thumb Code     8  startup_stm32g071xx.o(.text)
    ADC1_COMP_IRQHandler                     0x080000e3   Thumb Code     0  startup_stm32g071xx.o(.text)
    CEC_IRQHandler                           0x080000e3   Thumb Code     0  startup_stm32g071xx.o(.text)
    DMA1_Ch4_7_DMAMUX1_OVR_IRQHandler        0x080000e3   Thumb Code     0  startup_stm32g071xx.o(.text)
    DMA1_Channel1_IRQHandler                 0x080000e3   Thumb Code     0  startup_stm32g071xx.o(.text)
    DMA1_Channel2_3_IRQHandler               0x080000e3   Thumb Code     0  startup_stm32g071xx.o(.text)
    EXTI0_1_IRQHandler                       0x080000e3   Thumb Code     0  startup_stm32g071xx.o(.text)
    EXTI2_3_IRQHandler                       0x080000e3   Thumb Code     0  startup_stm32g071xx.o(.text)
    EXTI4_15_IRQHandler                      0x080000e3   Thumb Code     0  startup_stm32g071xx.o(.text)
    FLASH_IRQHandler                         0x080000e3   Thumb Code     0  startup_stm32g071xx.o(.text)
    I2C1_IRQHandler                          0x080000e3   Thumb Code     0  startup_stm32g071xx.o(.text)
    I2C2_IRQHandler                          0x080000e3   Thumb Code     0  startup_stm32g071xx.o(.text)
    PVD_IRQHandler                           0x080000e3   Thumb Code     0  startup_stm32g071xx.o(.text)
    RCC_IRQHandler                           0x080000e3   Thumb Code     0  startup_stm32g071xx.o(.text)
    RTC_TAMP_IRQHandler                      0x080000e3   Thumb Code     0  startup_stm32g071xx.o(.text)
    SPI1_IRQHandler                          0x080000e3   Thumb Code     0  startup_stm32g071xx.o(.text)
    SPI2_IRQHandler                          0x080000e3   Thumb Code     0  startup_stm32g071xx.o(.text)
    TIM14_IRQHandler                         0x080000e3   Thumb Code     0  startup_stm32g071xx.o(.text)
    TIM15_IRQHandler                         0x080000e3   Thumb Code     0  startup_stm32g071xx.o(.text)
    TIM16_IRQHandler                         0x080000e3   Thumb Code     0  startup_stm32g071xx.o(.text)
    TIM17_IRQHandler                         0x080000e3   Thumb Code     0  startup_stm32g071xx.o(.text)
    TIM1_BRK_UP_TRG_COM_IRQHandler           0x080000e3   Thumb Code     0  startup_stm32g071xx.o(.text)
    TIM1_CC_IRQHandler                       0x080000e3   Thumb Code     0  startup_stm32g071xx.o(.text)
    TIM3_IRQHandler                          0x080000e3   Thumb Code     0  startup_stm32g071xx.o(.text)
    TIM6_DAC_LPTIM1_IRQHandler               0x080000e3   Thumb Code     0  startup_stm32g071xx.o(.text)
    TIM7_LPTIM2_IRQHandler                   0x080000e3   Thumb Code     0  startup_stm32g071xx.o(.text)
    UCPD1_2_IRQHandler                       0x080000e3   Thumb Code     0  startup_stm32g071xx.o(.text)
    USART1_IRQHandler                        0x080000e3   Thumb Code     0  startup_stm32g071xx.o(.text)
    USART2_IRQHandler                        0x080000e3   Thumb Code     0  startup_stm32g071xx.o(.text)
    USART3_4_LPUART1_IRQHandler              0x080000e3   Thumb Code     0  startup_stm32g071xx.o(.text)
    WWDG_IRQHandler                          0x080000e3   Thumb Code     0  startup_stm32g071xx.o(.text)
    __aeabi_uidiv                            0x080000ed   Thumb Code     0  uidiv.o(.text)
    __aeabi_uidivmod                         0x080000ed   Thumb Code    44  uidiv.o(.text)
    __aeabi_uldivmod                         0x08000119   Thumb Code    96  uldiv.o(.text)
    __aeabi_memset                           0x08000179   Thumb Code    14  memseta.o(.text)
    __aeabi_memset4                          0x08000179   Thumb Code     0  memseta.o(.text)
    __aeabi_memset8                          0x08000179   Thumb Code     0  memseta.o(.text)
    __aeabi_memclr                           0x08000187   Thumb Code     4  memseta.o(.text)
    __aeabi_memclr4                          0x08000187   Thumb Code     0  memseta.o(.text)
    __aeabi_memclr8                          0x08000187   Thumb Code     0  memseta.o(.text)
    _memset$wrapper                          0x0800018b   Thumb Code    18  memseta.o(.text)
    __aeabi_llsl                             0x0800019d   Thumb Code    32  llshl.o(.text)
    _ll_shift_l                              0x0800019d   Thumb Code     0  llshl.o(.text)
    __aeabi_llsr                             0x080001bd   Thumb Code    34  llushr.o(.text)
    _ll_ushift_r                             0x080001bd   Thumb Code     0  llushr.o(.text)
    __scatterload                            0x080001e1   Thumb Code    28  init.o(.text)
    __scatterload_rt2                        0x080001e1   Thumb Code     0  init.o(.text)
    ADC_ConversionStop                       0x08000205   Thumb Code    88  stm32g0xx_hal_adc.o(.text.ADC_ConversionStop)
    ADC_Disable                              0x08000259   Thumb Code   120  stm32g0xx_hal_adc.o(.text.ADC_Disable)
    ADC_Enable                               0x080002cd   Thumb Code   184  stm32g0xx_hal_adc.o(.text.ADC_Enable)
    ADC_Select_CH                            0x08000381   Thumb Code    36  myadc.o(.text.ADC_Select_CH)
    ADC_single                               0x080003a1   Thumb Code    48  myadc.o(.text.ADC_single)
    Error_Handler                            0x080003d1   Thumb Code     8  main.o(.text.Error_Handler)
    HAL_ADCEx_Calibration_Start              0x080003d9   Thumb Code   304  stm32g0xx_hal_adc_ex.o(.text.HAL_ADCEx_Calibration_Start)
    HAL_ADC_ConfigChannel                    0x08000509   Thumb Code   636  stm32g0xx_hal_adc.o(.text.HAL_ADC_ConfigChannel)
    HAL_ADC_GetValue                         0x0800077d   Thumb Code     6  stm32g0xx_hal_adc.o(.text.HAL_ADC_GetValue)
    HAL_ADC_Init                             0x08000785   Thumb Code   568  stm32g0xx_hal_adc.o(.text.HAL_ADC_Init)
    HAL_ADC_MspInit                          0x080009bd   Thumb Code   116  adc.o(.text.HAL_ADC_MspInit)
    HAL_ADC_PollForConversion                0x08000a31   Thumb Code   184  stm32g0xx_hal_adc.o(.text.HAL_ADC_PollForConversion)
    HAL_ADC_Start                            0x08000ae9   Thumb Code    92  stm32g0xx_hal_adc.o(.text.HAL_ADC_Start)
    HAL_ADC_Stop                             0x08000b45   Thumb Code    64  stm32g0xx_hal_adc.o(.text.HAL_ADC_Stop)
    HAL_Delay                                0x08000b85   Thumb Code    36  stm32g0xx_hal.o(.text.HAL_Delay)
    HAL_GPIO_Init                            0x08000ba5   Thumb Code   396  stm32g0xx_hal_gpio.o(.text.HAL_GPIO_Init)
    HAL_GPIO_TogglePin                       0x08000d31   Thumb Code    16  stm32g0xx_hal_gpio.o(.text.HAL_GPIO_TogglePin)
    HAL_GPIO_WritePin                        0x08000d41   Thumb Code    14  stm32g0xx_hal_gpio.o(.text.HAL_GPIO_WritePin)
    HAL_GetTick                              0x08000d51   Thumb Code    12  stm32g0xx_hal.o(.text.HAL_GetTick)
    HAL_IncTick                              0x08000d59   Thumb Code    24  stm32g0xx_hal.o(.text.HAL_IncTick)
    HAL_Init                                 0x08000d6d   Thumb Code    40  stm32g0xx_hal.o(.text.HAL_Init)
    HAL_InitTick                             0x08000d95   Thumb Code    72  stm32g0xx_hal.o(.text.HAL_InitTick)
    HAL_MspInit                              0x08000dd9   Thumb Code    52  stm32g0xx_hal_msp.o(.text.HAL_MspInit)
    HAL_NVIC_EnableIRQ                       0x08000e0d   Thumb Code    24  stm32g0xx_hal_cortex.o(.text.HAL_NVIC_EnableIRQ)
    HAL_NVIC_SetPriority                     0x08000e25   Thumb Code     8  stm32g0xx_hal_cortex.o(.text.HAL_NVIC_SetPriority)
    HAL_PWREx_ControlVoltageScaling          0x08000e2d   Thumb Code    76  stm32g0xx_hal_pwr_ex.o(.text.HAL_PWREx_ControlVoltageScaling)
    HAL_RCCEx_PeriphCLKConfig                0x08000e75   Thumb Code   468  stm32g0xx_hal_rcc_ex.o(.text.HAL_RCCEx_PeriphCLKConfig)
    HAL_RCC_ClockConfig                      0x08001045   Thumb Code   376  stm32g0xx_hal_rcc.o(.text.HAL_RCC_ClockConfig)
    HAL_RCC_GetPCLK1Freq                     0x080011b5   Thumb Code    40  stm32g0xx_hal_rcc.o(.text.HAL_RCC_GetPCLK1Freq)
    HAL_RCC_GetSysClockFreq                  0x080011d9   Thumb Code   136  stm32g0xx_hal_rcc.o(.text.HAL_RCC_GetSysClockFreq)
    HAL_RCC_OscConfig                        0x08001261   Thumb Code  1120  stm32g0xx_hal_rcc.o(.text.HAL_RCC_OscConfig)
    HAL_SYSCFG_StrobeDBattpinsConfig         0x080016c1   Thumb Code    20  stm32g0xx_hal.o(.text.HAL_SYSCFG_StrobeDBattpinsConfig)
    HAL_SYSTICK_Config                       0x080016d5   Thumb Code    52  stm32g0xx_hal_cortex.o(.text.HAL_SYSTICK_Config)
    HAL_TIMEx_Break2Callback                 0x08001709   Thumb Code     2  stm32g0xx_hal_tim_ex.o(.text.HAL_TIMEx_Break2Callback)
    HAL_TIMEx_BreakCallback                  0x0800170b   Thumb Code     2  stm32g0xx_hal_tim_ex.o(.text.HAL_TIMEx_BreakCallback)
    HAL_TIMEx_CommutCallback                 0x0800170d   Thumb Code     2  stm32g0xx_hal_tim_ex.o(.text.HAL_TIMEx_CommutCallback)
    HAL_TIMEx_MasterConfigSynchronization    0x08001711   Thumb Code   120  stm32g0xx_hal_tim_ex.o(.text.HAL_TIMEx_MasterConfigSynchronization)
    HAL_TIM_Base_Init                        0x0800177d   Thumb Code   100  stm32g0xx_hal_tim.o(.text.HAL_TIM_Base_Init)
    HAL_TIM_Base_MspInit                     0x080017e1   Thumb Code    56  tim.o(.text.HAL_TIM_Base_MspInit)
    HAL_TIM_Base_Start_IT                    0x08001819   Thumb Code   108  stm32g0xx_hal_tim.o(.text.HAL_TIM_Base_Start_IT)
    HAL_TIM_ConfigClockSource                0x08001885   Thumb Code   284  stm32g0xx_hal_tim.o(.text.HAL_TIM_ConfigClockSource)
    HAL_TIM_IC_CaptureCallback               0x080019a1   Thumb Code     2  stm32g0xx_hal_tim.o(.text.HAL_TIM_IC_CaptureCallback)
    HAL_TIM_IRQHandler                       0x080019a5   Thumb Code   356  stm32g0xx_hal_tim.o(.text.HAL_TIM_IRQHandler)
    HAL_TIM_MspPostInit                      0x08001b09   Thumb Code   120  tim.o(.text.HAL_TIM_MspPostInit)
    HAL_TIM_OC_DelayElapsedCallback          0x08001b81   Thumb Code     2  stm32g0xx_hal_tim.o(.text.HAL_TIM_OC_DelayElapsedCallback)
    HAL_TIM_PWM_ConfigChannel                0x08001b85   Thumb Code   254  stm32g0xx_hal_tim.o(.text.HAL_TIM_PWM_ConfigChannel)
    HAL_TIM_PWM_Init                         0x08001c83   Thumb Code   100  stm32g0xx_hal_tim.o(.text.HAL_TIM_PWM_Init)
    HAL_TIM_PWM_MspInit                      0x08001ce7   Thumb Code     2  stm32g0xx_hal_tim.o(.text.HAL_TIM_PWM_MspInit)
    HAL_TIM_PWM_PulseFinishedCallback        0x08001ce9   Thumb Code     2  stm32g0xx_hal_tim.o(.text.HAL_TIM_PWM_PulseFinishedCallback)
    HAL_TIM_PWM_Start                        0x08001ced   Thumb Code   240  stm32g0xx_hal_tim.o(.text.HAL_TIM_PWM_Start)
    HAL_TIM_PeriodElapsedCallback            0x08001ddd   Thumb Code    20  main.o(.text.HAL_TIM_PeriodElapsedCallback)
    HAL_TIM_TriggerCallback                  0x08001df1   Thumb Code     2  stm32g0xx_hal_tim.o(.text.HAL_TIM_TriggerCallback)
    HAL_UARTEx_DisableFifoMode               0x08001df3   Thumb Code    56  stm32g0xx_hal_uart_ex.o(.text.HAL_UARTEx_DisableFifoMode)
    HAL_UARTEx_SetRxFifoThreshold            0x08001e2b   Thumb Code    74  stm32g0xx_hal_uart_ex.o(.text.HAL_UARTEx_SetRxFifoThreshold)
    HAL_UARTEx_SetTxFifoThreshold            0x08001e75   Thumb Code    74  stm32g0xx_hal_uart_ex.o(.text.HAL_UARTEx_SetTxFifoThreshold)
    HAL_UART_Init                            0x08001ebf   Thumb Code   112  stm32g0xx_hal_uart.o(.text.HAL_UART_Init)
    HAL_UART_MspInit                         0x08001f31   Thumb Code   120  usart.o(.text.HAL_UART_MspInit)
    HardFault_Handler                        0x08001fa1   Thumb Code     2  stm32g0xx_it.o(.text.HardFault_Handler)
    MX_ADC1_Init                             0x08001fa5   Thumb Code   100  adc.o(.text.MX_ADC1_Init)
    MX_GPIO_Init                             0x08002009   Thumb Code   116  gpio.o(.text.MX_GPIO_Init)
    MX_TIM2_Init                             0x0800207d   Thumb Code   216  tim.o(.text.MX_TIM2_Init)
    MX_USART2_UART_Init                      0x08002151   Thumb Code   108  usart.o(.text.MX_USART2_UART_Init)
    NMI_Handler                              0x080021bd   Thumb Code     2  stm32g0xx_it.o(.text.NMI_Handler)
    PendSV_Handler                           0x080021bf   Thumb Code     2  stm32g0xx_it.o(.text.PendSV_Handler)
    SVC_Handler                              0x080021c1   Thumb Code     2  stm32g0xx_it.o(.text.SVC_Handler)
    SysTick_Handler                          0x080021c3   Thumb Code     8  stm32g0xx_it.o(.text.SysTick_Handler)
    SystemClock_Config                       0x080021cb   Thumb Code   100  main.o(.text.SystemClock_Config)
    SystemInit                               0x0800222f   Thumb Code     2  system_stm32g0xx.o(.text.SystemInit)
    TIM2_IRQHandler                          0x08002231   Thumb Code    16  stm32g0xx_it.o(.text.TIM2_IRQHandler)
    TIM_Base_SetConfig                       0x08002241   Thumb Code   168  stm32g0xx_hal_tim.o(.text.TIM_Base_SetConfig)
    TIM_CCxChannelCmd                        0x080022d5   Thumb Code    26  stm32g0xx_hal_tim.o(.text.TIM_CCxChannelCmd)
    TIM_OC2_SetConfig                        0x08002351   Thumb Code   128  stm32g0xx_hal_tim.o(.text.TIM_OC2_SetConfig)
    UART_AdvFeatureConfig                    0x080025ed   Thumb Code   184  stm32g0xx_hal_uart.o(.text.UART_AdvFeatureConfig)
    UART_CheckIdleState                      0x080026a5   Thumb Code   112  stm32g0xx_hal_uart.o(.text.UART_CheckIdleState)
    UART_SetConfig                           0x08002715   Thumb Code   520  stm32g0xx_hal_uart.o(.text.UART_SetConfig)
    UART_WaitOnFlagUntilTimeout              0x0800291d   Thumb Code   212  stm32g0xx_hal_uart.o(.text.UART_WaitOnFlagUntilTimeout)
    analogRead                               0x08002a31   Thumb Code    12  arduino.o(.text.analogRead)
    analogWrite                              0x08002a3d   Thumb Code    60  arduino.o(.text.analogWrite)
    delay                                    0x08002a79   Thumb Code    12  arduino.o(.text.delay)
    led_toggle                               0x08002a85   Thumb Code    14  arduino.o(.text.led_toggle)
    loop                                     0x08002a93   Thumb Code    16  main.o(.text.loop)
    main                                     0x08002aa5   Thumb Code    84  main.o(.text.main)
    timer_loop                               0x08002af9   Thumb Code    56  main.o(.text.timer_loop)
    __scatterload_copy                       0x08002b31   Thumb Code    14  handlers.o(i.__scatterload_copy)
    __scatterload_null                       0x08002b3f   Thumb Code     2  handlers.o(i.__scatterload_null)
    __scatterload_zeroinit                   0x08002b41   Thumb Code    14  handlers.o(i.__scatterload_zeroinit)
    AHBPrescTable                            0x08002b50   Data          64  system_stm32g0xx.o(.rodata.AHBPrescTable)
    APBPrescTable                            0x08002b90   Data          32  system_stm32g0xx.o(.rodata.APBPrescTable)
    UARTPrescTable                           0x08002bb0   Data          24  stm32g0xx_hal_uart.o(.rodata.UARTPrescTable)
    Region$$Table$$Base                      0x08002be8   Number         0  anon$$obj.o(Region$$Table)
    Region$$Table$$Limit                     0x08002c08   Number         0  anon$$obj.o(Region$$Table)
    uwTickFreq                               0x20000000   Data           1  stm32g0xx_hal.o(.data..L_MergedGlobals)
    uwTickPrio                               0x20000004   Data           4  stm32g0xx_hal.o(.data..L_MergedGlobals)
    SystemCoreClock                          0x20000008   Data           4  system_stm32g0xx.o(.data.SystemCoreClock)
    adc1                                     0x20000010   Data           4  main.o(.bss..L_MergedGlobals)
    pwm1                                     0x20000014   Data           4  main.o(.bss..L_MergedGlobals)
    cnt                                      0x20000018   Data           4  main.o(.bss.cnt)
    hadc1                                    0x2000001c   Data         100  adc.o(.bss.hadc1)
    htim2                                    0x20000080   Data          76  tim.o(.bss.htim2)
    huart2                                   0x200000cc   Data         144  usart.o(.bss.huart2)
    uwTick                                   0x2000015c   Data           4  stm32g0xx_hal.o(.bss.uwTick)
    __initial_sp                             0x20000560   Data           0  startup_stm32g071xx.o(STACK)



==============================================================================

Memory Map of the image

  Image Entry point : 0x080000bd

  Load Region LR_IROM1 (Base: 0x08000000, Size: 0x00002c18, Max: 0x00020000, ABSOLUTE)

    Execution Region ER_IROM1 (Exec base: 0x08000000, Load base: 0x08000000, Size: 0x00002c08, Max: 0x00020000, ABSOLUTE)

    Exec Addr    Load Addr    Size         Type   Attr      Idx    E Section Name        Object

    0x08000000   0x08000000   0x000000bc   Data   RO            3    RESET               startup_stm32g071xx.o
    0x080000bc   0x080000bc   0x00000000   Code   RO         1277  * .ARM.Collect$$$$00000000  mc_p.l(entry.o)
    0x080000bc   0x080000bc   0x00000004   Code   RO         1286    .ARM.Collect$$$$00000001  mc_p.l(entry2.o)
    0x080000c0   0x080000c0   0x00000004   Code   RO         1289    .ARM.Collect$$$$00000004  mc_p.l(entry5.o)
    0x080000c4   0x080000c4   0x00000000   Code   RO         1291    .ARM.Collect$$$$00000008  mc_p.l(entry7b.o)
    0x080000c4   0x080000c4   0x00000000   Code   RO         1293    .ARM.Collect$$$$0000000A  mc_p.l(entry8b.o)
    0x080000c4   0x080000c4   0x00000008   Code   RO         1294    .ARM.Collect$$$$0000000B  mc_p.l(entry9a.o)
    0x080000cc   0x080000cc   0x00000000   Code   RO         1296    .ARM.Collect$$$$0000000D  mc_p.l(entry10a.o)
    0x080000cc   0x080000cc   0x00000000   Code   RO         1298    .ARM.Collect$$$$0000000F  mc_p.l(entry11a.o)
    0x080000cc   0x080000cc   0x00000004   Code   RO         1287    .ARM.Collect$$$$00002712  mc_p.l(entry2.o)
    0x080000d0   0x080000d0   0x0000001c   Code   RO            4    .text               startup_stm32g071xx.o
    0x080000ec   0x080000ec   0x0000002c   Code   RO         1280    .text               mc_p.l(uidiv.o)
    0x08000118   0x08000118   0x00000060   Code   RO         1282    .text               mc_p.l(uldiv.o)
    0x08000178   0x08000178   0x00000024   Code   RO         1284    .text               mc_p.l(memseta.o)
    0x0800019c   0x0800019c   0x00000020   Code   RO         1300    .text               mc_p.l(llshl.o)
    0x080001bc   0x080001bc   0x00000022   Code   RO         1302    .text               mc_p.l(llushr.o)
    0x080001de   0x080001de   0x00000002   PAD
    0x080001e0   0x080001e0   0x00000024   Code   RO         1304    .text               mc_p.l(init.o)
    0x08000204   0x08000204   0x00000054   Code   RO          132    .text.ADC_ConversionStop  stm32g0xx_hal_adc.o
    0x08000258   0x08000258   0x00000074   Code   RO          134    .text.ADC_Disable   stm32g0xx_hal_adc.o
    0x080002cc   0x080002cc   0x000000b4   Code   RO          140    .text.ADC_Enable    stm32g0xx_hal_adc.o
    0x08000380   0x08000380   0x00000020   Code   RO         1265    .text.ADC_Select_CH  myadc.o
    0x080003a0   0x080003a0   0x00000030   Code   RO         1267    .text.ADC_single    myadc.o
    0x080003d0   0x080003d0   0x00000008   Code   RO           21    .text.Error_Handler  main.o
    0x080003d8   0x080003d8   0x00000130   Code   RO          193    .text.HAL_ADCEx_Calibration_Start  stm32g0xx_hal_adc_ex.o
    0x08000508   0x08000508   0x00000274   Code   RO          174    .text.HAL_ADC_ConfigChannel  stm32g0xx_hal_adc.o
    0x0800077c   0x0800077c   0x00000006   Code   RO          162    .text.HAL_ADC_GetValue  stm32g0xx_hal_adc.o
    0x08000782   0x08000782   0x00000002   PAD
    0x08000784   0x08000784   0x00000238   Code   RO          126    .text.HAL_ADC_Init  stm32g0xx_hal_adc.o
    0x080009bc   0x080009bc   0x00000074   Code   RO           49    .text.HAL_ADC_MspInit  adc.o
    0x08000a30   0x08000a30   0x000000b8   Code   RO          144    .text.HAL_ADC_PollForConversion  stm32g0xx_hal_adc.o
    0x08000ae8   0x08000ae8   0x0000005c   Code   RO          138    .text.HAL_ADC_Start  stm32g0xx_hal_adc.o
    0x08000b44   0x08000b44   0x00000040   Code   RO          142    .text.HAL_ADC_Stop  stm32g0xx_hal_adc.o
    0x08000b84   0x08000b84   0x00000020   Code   RO          592    .text.HAL_Delay     stm32g0xx_hal.o
    0x08000ba4   0x08000ba4   0x0000018c   Code   RO          347    .text.HAL_GPIO_Init  stm32g0xx_hal_gpio.o
    0x08000d30   0x08000d30   0x00000010   Code   RO          355    .text.HAL_GPIO_TogglePin  stm32g0xx_hal_gpio.o
    0x08000d40   0x08000d40   0x0000000e   Code   RO          353    .text.HAL_GPIO_WritePin  stm32g0xx_hal_gpio.o
    0x08000d4e   0x08000d4e   0x00000002   PAD
    0x08000d50   0x08000d50   0x00000008   Code   RO          584    .text.HAL_GetTick   stm32g0xx_hal.o
    0x08000d58   0x08000d58   0x00000014   Code   RO          582    .text.HAL_IncTick   stm32g0xx_hal.o
    0x08000d6c   0x08000d6c   0x00000028   Code   RO          572    .text.HAL_Init      stm32g0xx_hal.o
    0x08000d94   0x08000d94   0x00000044   Code   RO          574    .text.HAL_InitTick  stm32g0xx_hal.o
    0x08000dd8   0x08000dd8   0x00000034   Code   RO          117    .text.HAL_MspInit   stm32g0xx_hal_msp.o
    0x08000e0c   0x08000e0c   0x00000018   Code   RO          533    .text.HAL_NVIC_EnableIRQ  stm32g0xx_hal_cortex.o
    0x08000e24   0x08000e24   0x00000008   Code   RO          529    .text.HAL_NVIC_SetPriority  stm32g0xx_hal_cortex.o
    0x08000e2c   0x08000e2c   0x00000048   Code   RO          506    .text.HAL_PWREx_ControlVoltageScaling  stm32g0xx_hal_pwr_ex.o
    0x08000e74   0x08000e74   0x000001d0   Code   RO          260    .text.HAL_RCCEx_PeriphCLKConfig  stm32g0xx_hal_rcc_ex.o
    0x08001044   0x08001044   0x00000170   Code   RO          223    .text.HAL_RCC_ClockConfig  stm32g0xx_hal_rcc.o
    0x080011b4   0x080011b4   0x00000024   Code   RO          231    .text.HAL_RCC_GetPCLK1Freq  stm32g0xx_hal_rcc.o
    0x080011d8   0x080011d8   0x00000088   Code   RO          225    .text.HAL_RCC_GetSysClockFreq  stm32g0xx_hal_rcc.o
    0x08001260   0x08001260   0x00000460   Code   RO          221    .text.HAL_RCC_OscConfig  stm32g0xx_hal_rcc.o
    0x080016c0   0x080016c0   0x00000014   Code   RO          636    .text.HAL_SYSCFG_StrobeDBattpinsConfig  stm32g0xx_hal.o
    0x080016d4   0x080016d4   0x00000034   Code   RO          541    .text.HAL_SYSTICK_Config  stm32g0xx_hal_cortex.o
    0x08001708   0x08001708   0x00000002   Code   RO         1012    .text.HAL_TIMEx_Break2Callback  stm32g0xx_hal_tim_ex.o
    0x0800170a   0x0800170a   0x00000002   Code   RO         1010    .text.HAL_TIMEx_BreakCallback  stm32g0xx_hal_tim_ex.o
    0x0800170c   0x0800170c   0x00000002   Code   RO         1006    .text.HAL_TIMEx_CommutCallback  stm32g0xx_hal_tim_ex.o
    0x0800170e   0x0800170e   0x00000002   PAD
    0x08001710   0x08001710   0x0000006c   Code   RO          990    .text.HAL_TIMEx_MasterConfigSynchronization  stm32g0xx_hal_tim_ex.o
    0x0800177c   0x0800177c   0x00000064   Code   RO          676    .text.HAL_TIM_Base_Init  stm32g0xx_hal_tim.o
    0x080017e0   0x080017e0   0x00000038   Code   RO           67    .text.HAL_TIM_Base_MspInit  tim.o
    0x08001818   0x08001818   0x0000006c   Code   RO          690    .text.HAL_TIM_Base_Start_IT  stm32g0xx_hal_tim.o
    0x08001884   0x08001884   0x0000011c   Code   RO          868    .text.HAL_TIM_ConfigClockSource  stm32g0xx_hal_tim.o
    0x080019a0   0x080019a0   0x00000002   Code   RO          812    .text.HAL_TIM_IC_CaptureCallback  stm32g0xx_hal_tim.o
    0x080019a2   0x080019a2   0x00000002   PAD
    0x080019a4   0x080019a4   0x00000164   Code   RO          810    .text.HAL_TIM_IRQHandler  stm32g0xx_hal_tim.o
    0x08001b08   0x08001b08   0x00000078   Code   RO           65    .text.HAL_TIM_MspPostInit  tim.o
    0x08001b80   0x08001b80   0x00000002   Code   RO          814    .text.HAL_TIM_OC_DelayElapsedCallback  stm32g0xx_hal_tim.o
    0x08001b82   0x08001b82   0x00000002   PAD
    0x08001b84   0x08001b84   0x000000fe   Code   RO          842    .text.HAL_TIM_PWM_ConfigChannel  stm32g0xx_hal_tim.o
    0x08001c82   0x08001c82   0x00000064   Code   RO          730    .text.HAL_TIM_PWM_Init  stm32g0xx_hal_tim.o
    0x08001ce6   0x08001ce6   0x00000002   Code   RO          732    .text.HAL_TIM_PWM_MspInit  stm32g0xx_hal_tim.o
    0x08001ce8   0x08001ce8   0x00000002   Code   RO          816    .text.HAL_TIM_PWM_PulseFinishedCallback  stm32g0xx_hal_tim.o
    0x08001cea   0x08001cea   0x00000002   PAD
    0x08001cec   0x08001cec   0x000000f0   Code   RO          738    .text.HAL_TIM_PWM_Start  stm32g0xx_hal_tim.o
    0x08001ddc   0x08001ddc   0x00000014   Code   RO           23    .text.HAL_TIM_PeriodElapsedCallback  main.o
    0x08001df0   0x08001df0   0x00000002   Code   RO          820    .text.HAL_TIM_TriggerCallback  stm32g0xx_hal_tim.o
    0x08001df2   0x08001df2   0x00000038   Code   RO         1196    .text.HAL_UARTEx_DisableFifoMode  stm32g0xx_hal_uart_ex.o
    0x08001e2a   0x08001e2a   0x0000004a   Code   RO         1200    .text.HAL_UARTEx_SetRxFifoThreshold  stm32g0xx_hal_uart_ex.o
    0x08001e74   0x08001e74   0x0000004a   Code   RO         1198    .text.HAL_UARTEx_SetTxFifoThreshold  stm32g0xx_hal_uart_ex.o
    0x08001ebe   0x08001ebe   0x00000070   Code   RO         1027    .text.HAL_UART_Init  stm32g0xx_hal_uart.o
    0x08001f2e   0x08001f2e   0x00000002   PAD
    0x08001f30   0x08001f30   0x00000070   Code   RO           83    .text.HAL_UART_MspInit  usart.o
    0x08001fa0   0x08001fa0   0x00000002   Code   RO           99    .text.HardFault_Handler  stm32g0xx_it.o
    0x08001fa2   0x08001fa2   0x00000002   PAD
    0x08001fa4   0x08001fa4   0x00000064   Code   RO           47    .text.MX_ADC1_Init  adc.o
    0x08002008   0x08002008   0x00000074   Code   RO           37    .text.MX_GPIO_Init  gpio.o
    0x0800207c   0x0800207c   0x000000d4   Code   RO           63    .text.MX_TIM2_Init  tim.o
    0x08002150   0x08002150   0x0000006c   Code   RO           81    .text.MX_USART2_UART_Init  usart.o
    0x080021bc   0x080021bc   0x00000002   Code   RO           97    .text.NMI_Handler   stm32g0xx_it.o
    0x080021be   0x080021be   0x00000002   Code   RO          103    .text.PendSV_Handler  stm32g0xx_it.o
    0x080021c0   0x080021c0   0x00000002   Code   RO          101    .text.SVC_Handler   stm32g0xx_it.o
    0x080021c2   0x080021c2   0x00000008   Code   RO          105    .text.SysTick_Handler  stm32g0xx_it.o
    0x080021ca   0x080021ca   0x00000064   Code   RO           19    .text.SystemClock_Config  main.o
    0x0800222e   0x0800222e   0x00000002   Code   RO         1218    .text.SystemInit    system_stm32g0xx.o
    0x08002230   0x08002230   0x00000010   Code   RO          107    .text.TIM2_IRQHandler  stm32g0xx_it.o
    0x08002240   0x08002240   0x00000094   Code   RO          680    .text.TIM_Base_SetConfig  stm32g0xx_hal_tim.o
    0x080022d4   0x080022d4   0x0000001a   Code   RO          714    .text.TIM_CCxChannelCmd  stm32g0xx_hal_tim.o
    0x080022ee   0x080022ee   0x00000002   PAD
    0x080022f0   0x080022f0   0x00000060   Code   RO          824    .text.TIM_OC1_SetConfig  stm32g0xx_hal_tim.o
    0x08002350   0x08002350   0x0000006c   Code   RO          826    .text.TIM_OC2_SetConfig  stm32g0xx_hal_tim.o
    0x080023bc   0x080023bc   0x00000084   Code   RO          828    .text.TIM_OC3_SetConfig  stm32g0xx_hal_tim.o
    0x08002440   0x08002440   0x0000005c   Code   RO          830    .text.TIM_OC4_SetConfig  stm32g0xx_hal_tim.o
    0x0800249c   0x0800249c   0x0000005c   Code   RO          832    .text.TIM_OC5_SetConfig  stm32g0xx_hal_tim.o
    0x080024f8   0x080024f8   0x00000060   Code   RO          834    .text.TIM_OC6_SetConfig  stm32g0xx_hal_tim.o
    0x08002558   0x08002558   0x00000022   Code   RO          870    .text.TIM_TI1_ConfigInputStage  stm32g0xx_hal_tim.o
    0x0800257a   0x0800257a   0x00000026   Code   RO          872    .text.TIM_TI2_ConfigInputStage  stm32g0xx_hal_tim.o
    0x080025a0   0x080025a0   0x0000004c   Code   RO         1194    .text.UARTEx_SetNbDataToProcess  stm32g0xx_hal_uart_ex.o
    0x080025ec   0x080025ec   0x000000b8   Code   RO         1033    .text.UART_AdvFeatureConfig  stm32g0xx_hal_uart.o
    0x080026a4   0x080026a4   0x00000070   Code   RO         1035    .text.UART_CheckIdleState  stm32g0xx_hal_uart.o
    0x08002714   0x08002714   0x00000208   Code   RO         1031    .text.UART_SetConfig  stm32g0xx_hal_uart.o
    0x0800291c   0x0800291c   0x000000d4   Code   RO         1049    .text.UART_WaitOnFlagUntilTimeout  stm32g0xx_hal_uart.o
    0x080029f0   0x080029f0   0x00000040   Code   RO          531    .text.__NVIC_SetPriority  stm32g0xx_hal_cortex.o
    0x08002a30   0x08002a30   0x0000000c   Code   RO         1252    .text.analogRead    arduino.o
    0x08002a3c   0x08002a3c   0x0000003c   Code   RO         1254    .text.analogWrite   arduino.o
    0x08002a78   0x08002a78   0x0000000c   Code   RO         1250    .text.delay         arduino.o
    0x08002a84   0x08002a84   0x0000000e   Code   RO         1248    .text.led_toggle    arduino.o
    0x08002a92   0x08002a92   0x00000010   Code   RO           13    .text.loop          main.o
    0x08002aa2   0x08002aa2   0x00000002   PAD
    0x08002aa4   0x08002aa4   0x00000054   Code   RO           17    .text.main          main.o
    0x08002af8   0x08002af8   0x00000038   Code   RO           15    .text.timer_loop    main.o
    0x08002b30   0x08002b30   0x0000000e   Code   RO         1308    i.__scatterload_copy  mc_p.l(handlers.o)
    0x08002b3e   0x08002b3e   0x00000002   Code   RO         1309    i.__scatterload_null  mc_p.l(handlers.o)
    0x08002b40   0x08002b40   0x0000000e   Code   RO         1310    i.__scatterload_zeroinit  mc_p.l(handlers.o)
    0x08002b4e   0x08002b4e   0x00000002   PAD
    0x08002b50   0x08002b50   0x00000040   Data   RO         1223    .rodata.AHBPrescTable  system_stm32g0xx.o
    0x08002b90   0x08002b90   0x00000020   Data   RO         1224    .rodata.APBPrescTable  system_stm32g0xx.o
    0x08002bb0   0x08002bb0   0x00000018   Data   RO         1165    .rodata.UARTPrescTable  stm32g0xx_hal_uart.o
    0x08002bc8   0x08002bc8   0x00000010   Data   RO         1166    .rodata.cst16       stm32g0xx_hal_uart.o
    0x08002bd8   0x08002bd8   0x00000010   Data   RO         1208    .rodata.cst8        stm32g0xx_hal_uart_ex.o
    0x08002be8   0x08002be8   0x00000020   Data   RO         1307    Region$$Table       anon$$obj.o


    Execution Region RW_IRAM1 (Exec base: 0x20000000, Load base: 0x08002c08, Size: 0x00000560, Max: 0x00009000, ABSOLUTE)

    Exec Addr    Load Addr    Size         Type   Attr      Idx    E Section Name        Object

    0x20000000   0x08002c08   0x00000008   Data   RW          639    .data..L_MergedGlobals  stm32g0xx_hal.o
    0x20000008   0x08002c10   0x00000004   Data   RW         1222    .data.SystemCoreClock  system_stm32g0xx.o
    0x2000000c   0x08002c14   0x00000004   PAD
    0x20000010        -       0x00000008   Zero   RW           27    .bss..L_MergedGlobals  main.o
    0x20000018        -       0x00000004   Zero   RW           25    .bss.cnt            main.o
    0x2000001c        -       0x00000064   Zero   RW           53    .bss.hadc1          adc.o
    0x20000080        -       0x0000004c   Zero   RW           71    .bss.htim2          tim.o
    0x200000cc        -       0x00000090   Zero   RW           87    .bss.huart2         usart.o
    0x2000015c        -       0x00000004   Zero   RW          638    .bss.uwTick         stm32g0xx_hal.o
    0x20000160        -       0x00000400   Zero   RW            1    STACK               startup_stm32g071xx.o


==============================================================================

Image component sizes


      Code (inc. data)   RO Data    RW Data    ZI Data      Debug   Object Name

       216         16          0          0        100       5983   adc.o
        98         12          0          0          0       2262   arduino.o
       116          4          0          0          0       1990   gpio.o
       284         24          0          0         12       5635   main.o
        80          4          0          0          0       1172   myadc.o
        28          8        188          0       1024        596   startup_stm32g071xx.o
       188         16          0          8          4       7569   stm32g0xx_hal.o
      1922         76          0          0          0      18585   stm32g0xx_hal_adc.o
       304         16          0          0          0       7136   stm32g0xx_hal_adc_ex.o
       148         24          0          0          0       6429   stm32g0xx_hal_cortex.o
       426         20          0          0          0       4567   stm32g0xx_hal_gpio.o
        52          4          0          0          0       1242   stm32g0xx_hal_msp.o
        72          8          0          0          0       6621   stm32g0xx_hal_pwr_ex.o
      1660         84          0          0          0       8512   stm32g0xx_hal_rcc.o
       464         16          0          0          0       6257   stm32g0xx_hal_rcc_ex.o
      2314        110          0          0          0      44703   stm32g0xx_hal_tim.o
       114          0          0          0          0      20290   stm32g0xx_hal_tim_ex.o
      1140         94         40          0          0      45256   stm32g0xx_hal_uart.o
       280          8         16          0          0      10580   stm32g0xx_hal_uart_ex.o
        32          4          0          0          0        786   stm32g0xx_it.o
         2          0         96          4          0       1857   system_stm32g0xx.o
       388         20          0          0         76       7301   tim.o
       220          8          0          0        144       5944   usart.o

    ----------------------------------------------------------------------
     10568        576        372         12       1364     221273   Object Totals
         0          0         32          0          0          0   (incl. Generated)
        20          0          0          0          4          0   (incl. Padding)

    ----------------------------------------------------------------------

      Code (inc. data)   RO Data    RW Data    ZI Data      Debug   Library Member Name

         0          0          0          0          0          0   entry.o
         0          0          0          0          0          0   entry10a.o
         0          0          0          0          0          0   entry11a.o
         8          4          0          0          0          0   entry2.o
         4          0          0          0          0          0   entry5.o
         0          0          0          0          0          0   entry7b.o
         0          0          0          0          0          0   entry8b.o
         8          4          0          0          0          0   entry9a.o
        30          0          0          0          0          0   handlers.o
        36          8          0          0          0         68   init.o
        32          0          0          0          0         68   llshl.o
        34          0          0          0          0         68   llushr.o
        36          0          0          0          0        100   memseta.o
        44          0          0          0          0         72   uidiv.o
        96          0          0          0          0         84   uldiv.o

    ----------------------------------------------------------------------
       332         16          0          0          0        460   Library Totals
         4          0          0          0          0          0   (incl. Padding)

    ----------------------------------------------------------------------

      Code (inc. data)   RO Data    RW Data    ZI Data      Debug   Library Name

       328         16          0          0          0        460   mc_p.l

    ----------------------------------------------------------------------
       332         16          0          0          0        460   Library Totals

    ----------------------------------------------------------------------

==============================================================================


      Code (inc. data)   RO Data    RW Data    ZI Data      Debug   

     10900        592        372         12       1364     221417   Grand Totals
     10900        592        372         12       1364     221417   ELF Image Totals
     10900        592        372         12          0          0   ROM Totals

==============================================================================

    Total RO  Size (Code + RO Data)                11272 (  11.01kB)
    Total RW  Size (RW Data + ZI Data)              1376 (   1.34kB)
    Total ROM Size (Code + RO Data + RW Data)      11284 (  11.02kB)

==============================================================================

